[31m[Nest] 23300  - [39m11/06/2026, 3:24:45 pm [31m  ERROR[39m [38;5;3m[DeploymentService] [39m[31mFailed to start agent for b2e5224d-9be3-490b-9e0a-ec4eaad5698d: X login timed out at https://x.com/i/jf/onboarding/web?mode=login[39m
[31m[Nest] 23300  - [39m11/06/2026, 3:28:59 pm [31m  ERROR[39m [38;5;3m[DeploymentService] [39m[31mFailed to start agent for 766d3cbf-2d7f-4c12-8f9a-16d6c5b39d7e: page.waitForSelector: Timeout 20000ms exceeded.
Call log:
[2m  - waiting for locator('#username') to be visible[22m
[39m
[31m[Nest] 23300  - [39m11/06/2026, 3:29:32 pm [31m  ERROR[39m [38;5;3m[DeploymentService] [39m[31mFailed to start agent for 49ed9b76-518e-420f-8c3f-1ab60d43c09c: page.click: Timeout 30000ms exceeded.
Call log:
[2m  - waiting for locator('button[type="submit"]')[22m
[39m
[31m[Nest] 23300  - [39m11/06/2026, 3:29:33 pm [31m  ERROR[39m [38;5;3m[DeploymentService] [39m[31mFailed to start agent for 30a76ec6-a7f3-4a17-80c2-a61ee8e85a94: Unexpected token '<', "<!DOCTYPE "... is not valid JSON[39m
[31m[Nest] 23300  - [39m11/06/2026, 3:29:34 pm [31m  ERROR[39m [38;5;3m[DeploymentService] [39m[31mFailed to start agent for 766bb0ba-c7c5-4220-9569-951baf4d8519: Dev.to API key invalid (401)[39m
[31m[Nest] 23300  - [39m11/06/2026, 3:30:10 pm [31m  ERROR[39m [38;5;3m[DeploymentService] [39m[31mFailed to start agent for ba287fbf-ba5b-45fa-abc6-02e2e7773798: page.waitForFunction: Timeout 30000ms exceeded.[39m
[31m[Nest] 23300  - [39m11/06/2026, 3:30:45 pm [31m  ERROR[39m [38;5;3m[DeploymentService] [39m[31mFailed to start agent for 79529c01-ebeb-4dfc-b1af-f88089f40b29: page.waitForFunction: Timeout 30000ms exceeded.[39m
[31m[Nest] 23300  - [39m11/06/2026, 3:31:11 pm [31m  ERROR[39m [38;5;3m[DeploymentService] [39m[31mFailed to start agent for be982dfe-dcd7-45d4-9e4f-125e9a84c07e: page.goto: net::ERR_CONNECTION_TIMED_OUT at https://www.tiktok.com/login/phone-or-email/email
Call log:
[2m  - navigating to "https://www.tiktok.com/login/phone-or-email/email", waiting until "domcontentloaded"[22m
[39m
[31m[Nest] 23300  - [39m11/06/2026, 3:31:58 pm [31m  ERROR[39m [38;5;3m[DeploymentService] [39m[31mFailed to start agent for f2382d28-2032-4f8d-bee2-6fe089dc8ea8: page.waitForURL: Timeout 30000ms exceeded.
=========================== logs ===========================
waiting for navigation to "**/channels/**" until "load"
============================================================[39m
[31m[Nest] 23300  - [39m11/06/2026, 3:31:58 pm [31m  ERROR[39m [38;5;3m[DeploymentService] [39m[31mFailed to start agent for 1aaadb6e-a4b6-43d8-8391-2214d82d6c72: Bluesky login failed (401): {"error":"AuthenticationRequired","message":"Invalid identifier or password"}[39m
[31m[Nest] 23300  - [39m11/06/2026, 3:32:15 pm [31m  ERROR[39m [38;5;3m[DeploymentService] [39m[31mFailed to start agent for 0d9548a6-1053-4fa5-802d-91318fa42ca7: page.waitForSelector: Timeout 15000ms exceeded.
Call log:
[2m  - waiting for locator('#email') to be visible[22m
[39m
[31m[Nest] 23300  - [39m11/06/2026, 3:32:40 pm [31m  ERROR[39m [38;5;3m[DeploymentService] [39m[31mFailed to start agent for 67a7d6d2-c080-4ef4-aa5b-87af2fdb2347: page.waitForSelector: Timeout 20000ms exceeded.
Call log:
[2m  - waiting for locator('input[name="username"]') to be visible[22m
[39m
[31m[Nest] 23300  - [39m11/06/2026, 3:33:05 pm [31m  ERROR[39m [38;5;3m[DeploymentService] [39m[31mFailed to start agent for e5b26cd9-dcf8-411f-a352-50de281b4c43: page.waitForSelector: Timeout 20000ms exceeded.
Call log:
[2m  - waiting for locator('#username') to be visible[22m
[39m
[31m[Nest] 23300  - [39m11/06/2026, 3:35:28 pm [31m  ERROR[39m [38;5;3m[DeploymentService] [39m[31mFailed to start agent for 49ed9b76-518e-420f-8c3f-1ab60d43c09c: page.click: Timeout 30000ms exceeded.
Call log:
[2m  - waiting for locator('button[type="submit"]')[22m
[39m
[31m[Nest] 23300  - [39m11/06/2026, 3:35:30 pm [31m  ERROR[39m [38;5;3m[DeploymentService] [39m[31mFailed to start agent for 30a76ec6-a7f3-4a17-80c2-a61ee8e85a94: Unexpected token '<', "<!DOCTYPE "... is not valid JSON[39m
[31m[Nest] 23300  - [39m11/06/2026, 3:35:30 pm [31m  ERROR[39m [38;5;3m[DeploymentService] [39m[31mFailed to start agent for 766bb0ba-c7c5-4220-9569-951baf4d8519: Dev.to API key invalid (401)[39m
[31m[Nest] 23300  - [39m11/06/2026, 3:35:31 pm [31m  ERROR[39m [38;5;3m[DeploymentService] [39m[31mFailed to start agent for 766d3cbf-2d7f-4c12-8f9a-16d6c5b39d7e: LinkedIn login failed: timed out — check credentials or CAPTCHA[39m
[31m[Nest] 23300  - [39m11/06/2026, 3:36:07 pm [31m  ERROR[39m [38;5;3m[DeploymentService] [39m[31mFailed to start agent for ba287fbf-ba5b-45fa-abc6-02e2e7773798: page.waitForFunction: Timeout 30000ms exceeded.[39m
[31m[Nest] 23300  - [39m11/06/2026, 3:36:42 pm [31m  ERROR[39m [38;5;3m[DeploymentService] [39m[31mFailed to start agent for 79529c01-ebeb-4dfc-b1af-f88089f40b29: page.waitForFunction: Timeout 30000ms exceeded.[39m
[31m[Nest] 23300  - [39m11/06/2026, 3:37:05 pm [31m  ERROR[39m [38;5;3m[DeploymentService] [39m[31mFailed to start agent for be982dfe-dcd7-45d4-9e4f-125e9a84c07e: page.goto: net::ERR_CONNECTION_TIMED_OUT at https://www.tiktok.com/login/phone-or-email/email
Call log:
[2m  - navigating to "https://www.tiktok.com/login/phone-or-email/email", waiting until "domcontentloaded"[22m
[39m
[31m[Nest] 23300  - [39m11/06/2026, 3:37:55 pm [31m  ERROR[39m [38;5;3m[DeploymentService] [39m[31mFailed to start agent for f2382d28-2032-4f8d-bee2-6fe089dc8ea8: page.waitForURL: Timeout 30000ms exceeded.
=========================== logs ===========================
waiting for navigation to "**/channels/**" until "load"
============================================================[39m
[31m[Nest] 23300  - [39m11/06/2026, 3:37:55 pm [31m  ERROR[39m [38;5;3m[DeploymentService] [39m[31mFailed to start agent for 1aaadb6e-a4b6-43d8-8391-2214d82d6c72: Bluesky login failed (401): {"error":"AuthenticationRequired","message":"Invalid identifier or password"}[39m
[31m[Nest] 23300  - [39m11/06/2026, 3:38:12 pm [31m  ERROR[39m [38;5;3m[DeploymentService] [39m[31mFailed to start agent for 0d9548a6-1053-4fa5-802d-91318fa42ca7: page.waitForSelector: Timeout 15000ms exceeded.
Call log:
[2m  - waiting for locator('#email') to be visible[22m
[39m
[31m[Nest] 23300  - [39m11/06/2026, 3:38:38 pm [31m  ERROR[39m [38;5;3m[DeploymentService] [39m[31mFailed to start agent for 67a7d6d2-c080-4ef4-aa5b-87af2fdb2347: page.waitForSelector: Timeout 20000ms exceeded.
Call log:
[2m  - waiting for locator('input[name="username"]') to be visible[22m
[39m
[31m[Nest] 23300  - [39m11/06/2026, 3:39:02 pm [31m  ERROR[39m [38;5;3m[DeploymentService] [39m[31mFailed to start agent for e5b26cd9-dcf8-411f-a352-50de281b4c43: page.waitForSelector: Timeout 20000ms exceeded.
Call log:
[2m  - waiting for locator('#username') to be visible[22m
[39m
[31m[Nest] 23300  - [39m11/06/2026, 5:22:46 pm [31m  ERROR[39m [38;5;3m[DeploymentService] [39m[31mFailed to start agent for b2e5224d-9be3-490b-9e0a-ec4eaad5698d: X login timed out at https://x.com/i/jf/onboarding/web?mode=login[39m
[31m[Nest] 23300  - [39m11/06/2026, 5:29:53 pm [31m  ERROR[39m [38;5;3m[Agent:reddit/kushg2850@gmail.com] [39m[31mTask post_greeting failed: post_greeting post failed: That was a tricky one. Why don't you try that again.[39m
[31m[Nest] 23300  - [39m11/06/2026, 5:59:55 pm [31m  ERROR[39m [38;5;3m[Agent:reddit/kushg2850@gmail.com] [39m[31mTask post_greeting failed: post_greeting post failed: That was a tricky one. Why don't you try that again.[39m
[31m[Nest] 23300  - [39m11/06/2026, 6:29:54 pm [31m  ERROR[39m [38;5;3m[Agent:reddit/kushg2850@gmail.com] [39m[31mTask post_greeting failed: post_greeting post failed: That was a tricky one. Why don't you try that again.[39m
[31m[Nest] 23300  - [39m11/06/2026, 6:59:54 pm [31m  ERROR[39m [38;5;3m[Agent:reddit/kushg2850@gmail.com] [39m[31mTask post_greeting failed: post_greeting post failed: That was a tricky one. Why don't you try that again.[39m
[31m[Nest] 23300  - [39m11/06/2026, 7:29:54 pm [31m  ERROR[39m [38;5;3m[Agent:reddit/kushg2850@gmail.com] [39m[31mTask post_greeting failed: post_greeting post failed: That was a tricky one. Why don't you try that again.[39m
