[31m[Nest] 19644  - [39m12/06/2026, 1:58:46 am [31m  ERROR[39m [38;5;3m[Agent:threads/dawane9965@hotkev.com] [39m[31mTask commenter_1 failed: commenter_1 comment failed: elementHandle.click: Timeout 5000ms exceeded.
Call log:
[2m  - attempting click action[22m
[2m    - waiting for element to be visible, enabled and stable[22m
[2m    - element is visible, enabled and stable[22m
[2m    - scrolling into view if needed[22m
[2m    - done scrolling[22m
[2m    - <div class="x78zum5 xdt5ytf xs9asl8 x13jy36j x64bnmy xyamay9 x1ahn4jp">…</div> from <div>…</div> subtree intercepts pointer events[22m
[2m  - retrying click action[22m
[2m    - waiting for element to be visible, enabled and stable[22m
[2m    - element is visible, enabled and stable[22m
[2m    - scrolling into view if needed[22m
[2m    - done scrolling[22m
[2m    - <div class="__fb-light-mode x1qjc9v5 x9f619 x78zum5 xdt5ytf x1iyjqo2 xl56j7k">…</div> from <div>…</div> subtree intercepts pointer events[22m
[2m  - retrying click action[22m
[2m    - waiting 20ms[22m
[2m    - waiting for element to be visible, enabled and stable[22m
[2m    - element is visible, enabled and stable[22m
[2m    - scrolling into view if needed[22m
[2m    - done scrolling[22m
[2m    - <div class="x78zum5 xdt5ytf xs9asl8 x13jy36j x64bnmy xyamay9 x1ahn4jp">…</div> from <div>…</div> subtree intercepts pointer events[22m
[2m  2 × retrying click action[22m
[2m      - waiting 100ms[22m
[2m      - waiting for element to be visible, enabled and stable[22m
[2m      - element is visible, enabled and stable[22m
[2m      - scrolling into view if needed[22m
[2m      - done scrolling[22m
[2m      - <div class="__fb-light-mode x1qjc9v5 x9f619 x78zum5 xdt5ytf x1iyjqo2 xl56j7k">…</div> from <div>…</div> subtree intercepts pointer events[22m
[2m  2 × retrying click action[22m
[2m      - waiting 500ms[22m
[2m      - waiting for element to be visible, enabled and stable[22m
[2m      - element is visible, enabled and stable[22m
[2m      - scrolling into view if needed[22m
[2m      - done scrolling[22m
[2m      - <div class="__fb-light-mode x1qjc9v5 x9f619 x78zum5 xdt5ytf x1iyjqo2 xl56j7k">…</div> from <div>…</div> subtree intercepts pointer events[22m
[2m    - retrying click action[22m
[2m      - waiting 500ms[22m
[2m      - waiting for element to be visible, enabled and stable[22m
[2m      - element is visible, enabled and stable[22m
[2m      - scrolling into view if needed[22m
[2m      - done scrolling[22m
[2m      - <div class="x78zum5 xdt5ytf xs9asl8 x13jy36j x64bnmy xyamay9 x1ahn4jp">…</div> from <div>…</div> subtree intercepts pointer events[22m
[2m    - retrying click action[22m
[2m      - waiting 500ms[22m
[2m      - waiting for element to be visible, enabled and stable[22m
[2m      - element is visible, enabled and stable[22m
[2m      - scrolling into view if needed[22m
[2m      - done scrolling[22m
[2m      - <div class="__fb-light-mode x1qjc9v5 x9f619 x78zum5 xdt5ytf x1iyjqo2 xl56j7k">…</div> from <div>…</div> subtree intercepts pointer events[22m
[2m    - retrying click action[22m
[2m      - waiting 500ms[22m
[2m      - waiting for element to be visible, enabled and stable[22m
[2m      - element is visible, enabled and stable[22m
[2m      - scrolling into view if needed[22m
[2m      - done scrolling[22m
[2m      - <div class="__fb-light-mode x1qjc9v5 x9f619 x78zum5 xdt5ytf x1iyjqo2 xl56j7k">…</div> from <div>…</div> subtree intercepts pointer events[22m
[2m  - retrying click action[22m
[2m    - waiting 500ms[22m
[39m
