[backend] bootstrap:start
[32m[Nest] 18212  - [39m11/06/2026, 1:11:54 pm [32m    LOG[39m [38;5;3m[NestFactory] [39m[32mStarting Nest application...[39m
[32m[Nest] 18212  - [39m11/06/2026, 1:11:54 pm [32m    LOG[39m [38;5;3m[InstanceLoader] [39m[32mThrottlerModule dependencies initialized[39m[38;5;3m +219ms[39m
[32m[Nest] 18212  - [39m11/06/2026, 1:11:54 pm [32m    LOG[39m [38;5;3m[InstanceLoader] [39m[32mDatabaseModule dependencies initialized[39m[38;5;3m +8ms[39m
[32m[Nest] 18212  - [39m11/06/2026, 1:11:54 pm [32m    LOG[39m [38;5;3m[InstanceLoader] [39m[32mAppModule dependencies initialized[39m[38;5;3m +2ms[39m
[32m[Nest] 18212  - [39m11/06/2026, 1:11:54 pm [32m    LOG[39m [38;5;3m[InstanceLoader] [39m[32mApiModule dependencies initialized[39m[38;5;3m +7ms[39m
[backend] bootstrap:app-created
[backend] bootstrap:listening 4000
[32m[Nest] 18212  - [39m11/06/2026, 1:11:57 pm [32m    LOG[39m [38;5;3m[RoutesResolver] [39m[32mSwarmController {/swarm}:[39m[38;5;3m +2841ms[39m
[32m[Nest] 18212  - [39m11/06/2026, 1:11:57 pm [32m    LOG[39m [38;5;3m[RouterExplorer] [39m[32mMapped {/swarm/platforms, GET} route[39m[38;5;3m +22ms[39m
[32m[Nest] 18212  - [39m11/06/2026, 1:11:57 pm [32m    LOG[39m [38;5;3m[RouterExplorer] [39m[32mMapped {/swarm/credentials, POST} route[39m[38;5;3m +6ms[39m
[32m[Nest] 18212  - [39m11/06/2026, 1:11:57 pm [32m    LOG[39m [38;5;3m[RouterExplorer] [39m[32mMapped {/swarm/credentials, GET} route[39m[38;5;3m +4ms[39m
[32m[Nest] 18212  - [39m11/06/2026, 1:11:57 pm [32m    LOG[39m [38;5;3m[RouterExplorer] [39m[32mMapped {/swarm/credentials/:id/name, PUT} route[39m[38;5;3m +6ms[39m
[32m[Nest] 18212  - [39m11/06/2026, 1:11:57 pm [32m    LOG[39m [38;5;3m[RouterExplorer] [39m[32mMapped {/swarm/credentials/:id, DELETE} route[39m[38;5;3m +7ms[39m
[32m[Nest] 18212  - [39m11/06/2026, 1:11:57 pm [32m    LOG[39m [38;5;3m[RouterExplorer] [39m[32mMapped {/swarm/credentials/:id/toggle, PUT} route[39m[38;5;3m +11ms[39m
[32m[Nest] 18212  - [39m11/06/2026, 1:11:57 pm [32m    LOG[39m [38;5;3m[RouterExplorer] [39m[32mMapped {/swarm/deploy, POST} route[39m[38;5;3m +8ms[39m
[32m[Nest] 18212  - [39m11/06/2026, 1:11:57 pm [32m    LOG[39m [38;5;3m[RouterExplorer] [39m[32mMapped {/swarm/attachments/upload, POST} route[39m[38;5;3m +3ms[39m
[32m[Nest] 18212  - [39m11/06/2026, 1:11:57 pm [32m    LOG[39m [38;5;3m[RouterExplorer] [39m[32mMapped {/swarm/attachments/delete, POST} route[39m[38;5;3m +12ms[39m
[32m[Nest] 18212  - [39m11/06/2026, 1:11:57 pm [32m    LOG[39m [38;5;3m[RouterExplorer] [39m[32mMapped {/swarm/deployments, GET} route[39m[38;5;3m +4ms[39m
[32m[Nest] 18212  - [39m11/06/2026, 1:11:57 pm [32m    LOG[39m [38;5;3m[RouterExplorer] [39m[32mMapped {/swarm/deployments/:id, DELETE} route[39m[38;5;3m +3ms[39m
[32m[Nest] 18212  - [39m11/06/2026, 1:11:57 pm [32m    LOG[39m [38;5;3m[RouterExplorer] [39m[32mMapped {/swarm/deployments/:id/pause, POST} route[39m[38;5;3m +8ms[39m
[32m[Nest] 18212  - [39m11/06/2026, 1:11:57 pm [32m    LOG[39m [38;5;3m[RouterExplorer] [39m[32mMapped {/swarm/deployments/:id/resume, POST} route[39m[38;5;3m +3ms[39m
[32m[Nest] 18212  - [39m11/06/2026, 1:11:57 pm [32m    LOG[39m [38;5;3m[RouterExplorer] [39m[32mMapped {/swarm/deployments/:deploymentId/agents/:agentId, DELETE} route[39m[38;5;3m +2ms[39m
[32m[Nest] 18212  - [39m11/06/2026, 1:11:57 pm [32m    LOG[39m [38;5;3m[RouterExplorer] [39m[32mMapped {/swarm/deployments/:deploymentId/agents/:agentId/pause, POST} route[39m[38;5;3m +2ms[39m
[32m[Nest] 18212  - [39m11/06/2026, 1:11:57 pm [32m    LOG[39m [38;5;3m[RouterExplorer] [39m[32mMapped {/swarm/deployments/:deploymentId/agents/:agentId/resume, POST} route[39m[38;5;3m +7ms[39m
[32m[Nest] 18212  - [39m11/06/2026, 1:11:57 pm [32m    LOG[39m [38;5;3m[RouterExplorer] [39m[32mMapped {/swarm/logs, GET} route[39m[38;5;3m +3ms[39m
[32m[Nest] 18212  - [39m11/06/2026, 1:11:57 pm [32m    LOG[39m [38;5;3m[NestApplication] [39m[32mNest application successfully started[39m[38;5;3m +292ms[39m
Backend started successfully on port 4000
[33m[Nest] 18212  - [39m11/06/2026, 1:11:57 pm [33m   WARN[39m [38;5;3m[Configuration issue] [39m[33mMAIN_URL not set. [39m
[33m[Nest] 18212  - [39m11/06/2026, 1:11:57 pm [33m   WARN[39m [33mConfiguration issues found: 1[39m
[32m[Nest] 18212  - [39m11/06/2026, 1:11:57 pm [32m    LOG[39m [32mBackend is running on: http://localhost:4000[39m
[32m[Nest] 18212  - [39m11/06/2026, 1:15:15 pm [32m    LOG[39m [38;5;3m[CredentialService] [39m[32mLogging in to x as kushgupta2019@gmail.com[39m
X login page loaded: https://x.com/i/jf/onboarding/web?mode=login
HTML snippet: <!DOCTYPE html><html dir="ltr" lang="en" style="overflow: hidden; overscroll-behavior-y: none; font-size: 15px; color-scheme: light; margin-right: 0px;"><head><style>input::placeholder { user-select: none; -webkit-user-select: none; } div div ::-webkit-input-placeholder { color: rgb(117, 117, 117) } iframe { color-scheme: auto; }button { text-align: inherit; font-size: inherit; font-family: inherit; color: inherit }</style><style>@font-face {
  font-family: Vazirmatn;
  src: url(https://abs.twim
X cookies after login: {"guest_id_marketing":"v1%3A178116391856300972","guest_id_ads":"v1%3A178116391856300972","guest_id":"v1%3A178116391856300972","personalization_id":"\"v1_+l7cxewgP3c3f+dhNHkh4Q==\"","gt":"2064977270725370115","cf_clearance":"bsuTaIWNeFDQRsrNGlXpIMzv9vXXQP9tBdLS8XmrPaI-1781163923-1.2.1.1-.Yvu6QMaV8b9_RFCKTWG87OgIfVTBC.Hy3mFiCIVyWETO6MAeNRxhtw85iVwPzjWqrcI1q9w9pHvW7YXNrZLGeinTts70zlUy9PXToziqWVv4W6K5O9cz9CJxHqwlUrvHOBKsz6GhqEERouDa8YgD3GL.Os23LJ7lIgMtK3oqCs4m26st.92AlUXs8gwx.nFka39h2Bok0eaFgerHPvyheHuvX9Cw4JWD8MvvqPuKuFuEHHt7.XUatJxAHRFRsLC4I7hcDmUUNdOHFFCwsaDjsbgCswgASxAgZab270Hr8sFPZsV2s3OS1XZelY0YdXZFmxQt0yhDPAnVTLJfQFenw","__cf_bm":"_LcgRSMEkrPuCsYrKOWYzMEQSV242D5siBaT6tlLTpQ-1781163923.4447622-1.0.1.1-OOss2xHX97q_YHnIefRA2.Wq_5NI3Z9TLeqBrFapKEwk7.HMWTeS7XDZyIZtGpZ43QWyQpTScC83IOuTdoBkh8v0KiUvEtJGCIgqg6e0n0Su7lzGhuzxGmAt56Ov.Qa9","__cuid":"cad65e22-2407-4126-86cf-2a16ead32cb3","g_state":"{\"i_l\":0,\"i_ll\":1781163927133,\"i_b\":\"lB2lY8TeCbAaM9XztIJIMzDLfS7hkkQH9DAknxUYAGQ\",\"i_e\":{\"enable_itp_optimization\":0},\"i_et\":1781163926899}"}
X raw cookies: guest_id_marketing=.x.com, guest_id_ads=.x.com, guest_id=.x.com, personalization_id=.x.com, gt=.x.com, cf_clearance=.x.com, __cf_bm=.x.com, __cuid=x.com, __cuid=.x.com, g_state=x.com, NID=.google.com
[32m[Nest] 18212  - [39m11/06/2026, 1:15:40 pm [32m    LOG[39m [38;5;3m[CredentialService] [39m[32mLogin successful for x/kushgupta2019@gmail.com[39m
[33m[Nest] 18212  - [39m11/06/2026, 1:15:53 pm [33m   WARN[39m [38;5;3m[Agent:x/kushgupta2019@gmail.com] [39m[33mLLM plan failed: Expected ',' or ']' after array element in JSON at position 1770 (line 84 column 6). Falling back to deterministic parser.[39m
[95m[Nest] 18212  - [39m11/06/2026, 1:15:53 pm [95m  DEBUG[39m [38;5;3m[Agent:x/kushgupta2019@gmail.com] [39m[95mnormalizePlans task #1: action="post" resolved=post[39m
[95m[Nest] 18212  - [39m11/06/2026, 1:15:53 pm [95m  DEBUG[39m [38;5;3m[Agent:x/kushgupta2019@gmail.com] [39m[95mnormalizePlans task #1 pushed: name=poster_1[39m
[95m[Nest] 18212  - [39m11/06/2026, 1:15:53 pm [95m  DEBUG[39m [38;5;3m[Agent:x/kushgupta2019@gmail.com] [39m[95mnormalizePlans task #2: action="search_and_like" resolved=search_and_like[39m
[95m[Nest] 18212  - [39m11/06/2026, 1:15:53 pm [95m  DEBUG[39m [38;5;3m[Agent:x/kushgupta2019@gmail.com] [39m[95mnormalizePlans task #2 pushed: name=liker_1[39m
[95m[Nest] 18212  - [39m11/06/2026, 1:15:53 pm [95m  DEBUG[39m [38;5;3m[Agent:x/kushgupta2019@gmail.com] [39m[95mnormalizePlans after loop: 2 tasks, 0 warnings[39m
[95m[Nest] 18212  - [39m11/06/2026, 1:15:53 pm [95m  DEBUG[39m [38;5;3m[Agent:x/kushgupta2019@gmail.com] [39m[95mnormalizePlans before align: 2 tasks, requestedCount=100, stagger=false[39m
[95m[Nest] 18212  - [39m11/06/2026, 1:15:53 pm [95m  DEBUG[39m [38;5;3m[Agent:x/kushgupta2019@gmail.com] [39m[95mnormalizePlans align returned: 100 tasks[39m
[95m[Nest] 18212  - [39m11/06/2026, 1:15:53 pm [95m  DEBUG[39m [38;5;3m[Agent:x/kushgupta2019@gmail.com] [39m[95mnormalizePlans result: 100 tasks after normalization, 2 warnings, 0 errors[39m
[32m[Nest] 18212  - [39m11/06/2026, 1:16:33 pm [32m    LOG[39m [38;5;3m[CredentialService] [39m[32mRestored session for x/kushgupta2019@gmail.com[39m
[95m[Nest] 18212  - [39m11/06/2026, 1:16:35 pm [95m  DEBUG[39m [38;5;3m[Agent:x/kushgupta2019@gmail.com] [39m[95mnormalizePlans task #1: action="post" resolved=post[39m
[95m[Nest] 18212  - [39m11/06/2026, 1:16:35 pm [95m  DEBUG[39m [38;5;3m[Agent:x/kushgupta2019@gmail.com] [39m[95mnormalizePlans task #1 pushed: name=post_greeting[39m
[95m[Nest] 18212  - [39m11/06/2026, 1:16:35 pm [95m  DEBUG[39m [38;5;3m[Agent:x/kushgupta2019@gmail.com] [39m[95mnormalizePlans after loop: 1 tasks, 0 warnings[39m
[95m[Nest] 18212  - [39m11/06/2026, 1:16:35 pm [95m  DEBUG[39m [38;5;3m[Agent:x/kushgupta2019@gmail.com] [39m[95mnormalizePlans before align: 1 tasks, requestedCount=null, stagger=false[39m
[95m[Nest] 18212  - [39m11/06/2026, 1:16:35 pm [95m  DEBUG[39m [38;5;3m[Agent:x/kushgupta2019@gmail.com] [39m[95mnormalizePlans result: 1 tasks after normalization, 0 warnings, 0 errors[39m
[32m[Nest] 18212  - [39m11/06/2026, 1:16:35 pm [32m    LOG[39m [38;5;3m[Agent:x/kushgupta2019@gmail.com] [39m[32mStarting for x/kushgupta2019@gmail.com[39m
[32m[Nest] 18212  - [39m11/06/2026, 1:16:35 pm [32m    LOG[39m [38;5;3m[Agent:x/kushgupta2019@gmail.com] [39m[32mUsing pre-planned tasks: post_greeting(30m)[39m
[32m[Nest] 18212  - [39m11/06/2026, 1:16:35 pm [32m    LOG[39m [38;5;3m[DeploymentService] [39m[32mStarted agent ceb479c2-c84e-4f80-b580-18bbc1aebd02 for x/kushgupta2019@gmail.com[39m
