[backend] bootstrap:start
[32m[Nest] 23300  - [39m11/06/2026, 3:21:06 pm [32m    LOG[39m [38;5;3m[NestFactory] [39m[32mStarting Nest application...[39m
[32m[Nest] 23300  - [39m11/06/2026, 3:21:06 pm [32m    LOG[39m [38;5;3m[InstanceLoader] [39m[32mThrottlerModule dependencies initialized[39m[38;5;3m +97ms[39m
[32m[Nest] 23300  - [39m11/06/2026, 3:21:06 pm [32m    LOG[39m [38;5;3m[InstanceLoader] [39m[32mDatabaseModule dependencies initialized[39m[38;5;3m +2ms[39m
[32m[Nest] 23300  - [39m11/06/2026, 3:21:06 pm [32m    LOG[39m [38;5;3m[InstanceLoader] [39m[32mAppModule dependencies initialized[39m[38;5;3m +3ms[39m
[32m[Nest] 23300  - [39m11/06/2026, 3:21:06 pm [32m    LOG[39m [38;5;3m[InstanceLoader] [39m[32mApiModule dependencies initialized[39m[38;5;3m +9ms[39m
[backend] bootstrap:app-created
[backend] bootstrap:listening 4000
[32m[Nest] 23300  - [39m11/06/2026, 3:21:07 pm [32m    LOG[39m [38;5;3m[RoutesResolver] [39m[32mSwarmController {/swarm}:[39m[38;5;3m +655ms[39m
[32m[Nest] 23300  - [39m11/06/2026, 3:21:07 pm [32m    LOG[39m [38;5;3m[RouterExplorer] [39m[32mMapped {/swarm/platforms, GET} route[39m[38;5;3m +4ms[39m
[32m[Nest] 23300  - [39m11/06/2026, 3:21:07 pm [32m    LOG[39m [38;5;3m[RouterExplorer] [39m[32mMapped {/swarm/credentials, POST} route[39m[38;5;3m +2ms[39m
[32m[Nest] 23300  - [39m11/06/2026, 3:21:07 pm [32m    LOG[39m [38;5;3m[RouterExplorer] [39m[32mMapped {/swarm/credentials, GET} route[39m[38;5;3m +1ms[39m
[32m[Nest] 23300  - [39m11/06/2026, 3:21:07 pm [32m    LOG[39m [38;5;3m[RouterExplorer] [39m[32mMapped {/swarm/credentials/:id/name, PUT} route[39m[38;5;3m +2ms[39m
[32m[Nest] 23300  - [39m11/06/2026, 3:21:07 pm [32m    LOG[39m [38;5;3m[RouterExplorer] [39m[32mMapped {/swarm/credentials/:id, DELETE} route[39m[38;5;3m +3ms[39m
[32m[Nest] 23300  - [39m11/06/2026, 3:21:07 pm [32m    LOG[39m [38;5;3m[RouterExplorer] [39m[32mMapped {/swarm/credentials/:id/toggle, PUT} route[39m[38;5;3m +2ms[39m
[32m[Nest] 23300  - [39m11/06/2026, 3:21:07 pm [32m    LOG[39m [38;5;3m[RouterExplorer] [39m[32mMapped {/swarm/deploy, POST} route[39m[38;5;3m +1ms[39m
[32m[Nest] 23300  - [39m11/06/2026, 3:21:07 pm [32m    LOG[39m [38;5;3m[RouterExplorer] [39m[32mMapped {/swarm/attachments/upload, POST} route[39m[38;5;3m +2ms[39m
[32m[Nest] 23300  - [39m11/06/2026, 3:21:07 pm [32m    LOG[39m [38;5;3m[RouterExplorer] [39m[32mMapped {/swarm/attachments/delete, POST} route[39m[38;5;3m +1ms[39m
[32m[Nest] 23300  - [39m11/06/2026, 3:21:07 pm [32m    LOG[39m [38;5;3m[RouterExplorer] [39m[32mMapped {/swarm/deployments, GET} route[39m[38;5;3m +1ms[39m
[32m[Nest] 23300  - [39m11/06/2026, 3:21:07 pm [32m    LOG[39m [38;5;3m[RouterExplorer] [39m[32mMapped {/swarm/deployments/:id, DELETE} route[39m[38;5;3m +0ms[39m
[32m[Nest] 23300  - [39m11/06/2026, 3:21:07 pm [32m    LOG[39m [38;5;3m[RouterExplorer] [39m[32mMapped {/swarm/deployments/:id/pause, POST} route[39m[38;5;3m +1ms[39m
[32m[Nest] 23300  - [39m11/06/2026, 3:21:07 pm [32m    LOG[39m [38;5;3m[RouterExplorer] [39m[32mMapped {/swarm/deployments/:id/resume, POST} route[39m[38;5;3m +0ms[39m
[32m[Nest] 23300  - [39m11/06/2026, 3:21:07 pm [32m    LOG[39m [38;5;3m[RouterExplorer] [39m[32mMapped {/swarm/deployments/:deploymentId/agents/:agentId, DELETE} route[39m[38;5;3m +1ms[39m
[32m[Nest] 23300  - [39m11/06/2026, 3:21:07 pm [32m    LOG[39m [38;5;3m[RouterExplorer] [39m[32mMapped {/swarm/deployments/:deploymentId/agents/:agentId/pause, POST} route[39m[38;5;3m +1ms[39m
[32m[Nest] 23300  - [39m11/06/2026, 3:21:07 pm [32m    LOG[39m [38;5;3m[RouterExplorer] [39m[32mMapped {/swarm/deployments/:deploymentId/agents/:agentId/resume, POST} route[39m[38;5;3m +2ms[39m
[32m[Nest] 23300  - [39m11/06/2026, 3:21:07 pm [32m    LOG[39m [38;5;3m[RouterExplorer] [39m[32mMapped {/swarm/logs, GET} route[39m[38;5;3m +1ms[39m
[32m[Nest] 23300  - [39m11/06/2026, 3:21:07 pm [32m    LOG[39m [38;5;3m[NestApplication] [39m[32mNest application successfully started[39m[38;5;3m +106ms[39m
Backend started successfully on port 4000
[33m[Nest] 23300  - [39m11/06/2026, 3:21:07 pm [33m   WARN[39m [38;5;3m[Configuration issue] [39m[33mMAIN_URL not set. [39m
[33m[Nest] 23300  - [39m11/06/2026, 3:21:07 pm [33m   WARN[39m [33mConfiguration issues found: 1[39m
[32m[Nest] 23300  - [39m11/06/2026, 3:21:07 pm [32m    LOG[39m [32mBackend is running on: http://localhost:4000[39m
[32m[Nest] 23300  - [39m11/06/2026, 3:23:26 pm [32m    LOG[39m [38;5;3m[CredentialService] [39m[32mLogging in to x as kushgupta2019@gmail.com[39m
X login page loaded: https://x.com/i/jf/onboarding/web?mode=login
HTML snippet: <!DOCTYPE html><html dir="ltr" lang="en" style="overflow: hidden; overscroll-behavior-y: none; font-size: 15px; color-scheme: light; margin-right: 0px;"><head><style>input::placeholder { user-select: none; -webkit-user-select: none; } div div ::-webkit-input-placeholder { color: rgb(117, 117, 117) } iframe { color-scheme: auto; }button { text-align: inherit; font-size: inherit; font-family: inherit; color: inherit }</style><style>@font-face {
  font-family: Vazirmatn;
  src: url(https://abs.twim
X next button found: true
X next button clicked
X login button found: true
X login button clicked
X login timeout at https://x.com/i/jf/onboarding/web?mode=login, html=<!DOCTYPE html><html dir="ltr" lang="en" style="overflow: hidden; overscroll-behavior-y: none; font-size: 15px; color-scheme: light; margin-right: 0px;"><head><style>input::placeholder { user-select: none; -webkit-user-select: none; } div div ::-webkit-input-placeholder { color: rgb(117, 117, 117) } iframe { color-scheme: auto; }button { text-align: inherit; font-size: inherit; font-family: inherit; color: inherit }</style><style>@font-face {
  font-family: Vazirmatn;
  src: url(https://abs.twimg.com/responsive-web/client-web/Vazirmatn-Light.a929468a.woff2) format('woff2');
  font-weight: 300;
  font-style: 'normal';
  font-display: 'swap';
}
@font-face {
  font-family: Vazirmatn;
  src: url(https://abs.twimg.com/responsive-web/client-web/Vazirmatn-Regular.58c84f6a.woff2) format('woff2');
  font-weight: 400;
  font-style: 'normal';
  font-display: 'swap';
}
@font-face {
  font-family: Vazirmatn;
  src: url(https://abs.twimg.com/responsive-web/client-web/Vazirmatn-Medium.bc7d8f1a.woff2)
[32m[Nest] 23300  - [39m11/06/2026, 3:28:33 pm [32m    LOG[39m [38;5;3m[CredentialService] [39m[32mLogging in to linkedin-page as test@linkedin.com[39m
[32m[Nest] 23300  - [39m11/06/2026, 3:28:59 pm [32m    LOG[39m [38;5;3m[CredentialService] [39m[32mLogging in to threads as test_instagram[39m
[32m[Nest] 23300  - [39m11/06/2026, 3:29:32 pm [32m    LOG[39m [38;5;3m[CredentialService] [39m[32mLogging in to hashnode as test[39m
[32m[Nest] 23300  - [39m11/06/2026, 3:29:33 pm [32m    LOG[39m [38;5;3m[CredentialService] [39m[32mLogging in to dev-to as test[39m
[32m[Nest] 23300  - [39m11/06/2026, 3:29:34 pm [32m    LOG[39m [38;5;3m[CredentialService] [39m[32mLogging in to medium as test@medium.com[39m
[32m[Nest] 23300  - [39m11/06/2026, 3:30:10 pm [32m    LOG[39m [38;5;3m[CredentialService] [39m[32mLogging in to pinterest as test@pinterest.com[39m
[32m[Nest] 23300  - [39m11/06/2026, 3:30:45 pm [32m    LOG[39m [38;5;3m[CredentialService] [39m[32mLogging in to tiktok as test@tiktok.com[39m
[32m[Nest] 23300  - [39m11/06/2026, 3:31:12 pm [32m    LOG[39m [38;5;3m[CredentialService] [39m[32mLogging in to discord as test@discord.com[39m
[32m[Nest] 23300  - [39m11/06/2026, 3:31:58 pm [32m    LOG[39m [38;5;3m[CredentialService] [39m[32mLogging in to bluesky as test.bsky.social[39m
[32m[Nest] 23300  - [39m11/06/2026, 3:31:59 pm [32m    LOG[39m [38;5;3m[CredentialService] [39m[32mLogging in to facebook as test@facebook.com[39m
[32m[Nest] 23300  - [39m11/06/2026, 3:32:15 pm [32m    LOG[39m [38;5;3m[CredentialService] [39m[32mLogging in to instagram as test_instagram[39m
[32m[Nest] 23300  - [39m11/06/2026, 3:32:40 pm [32m    LOG[39m [38;5;3m[CredentialService] [39m[32mLogging in to linkedin as test@linkedin.com[39m
[32m[Nest] 23300  - [39m11/06/2026, 3:33:05 pm [32m    LOG[39m [38;5;3m[CredentialService] [39m[32mRestored session for reddit/kushg2850@gmail.com[39m
[95m[Nest] 23300  - [39m11/06/2026, 3:33:11 pm [95m  DEBUG[39m [38;5;3m[Agent:reddit/kushg2850@gmail.com] [39m[95mnormalizePlans task #1: action="post" resolved=post[39m
[95m[Nest] 23300  - [39m11/06/2026, 3:33:11 pm [95m  DEBUG[39m [38;5;3m[Agent:reddit/kushg2850@gmail.com] [39m[95mnormalizePlans task #1 pushed: name=post_greeting_in_subreddit[39m
[95m[Nest] 23300  - [39m11/06/2026, 3:33:11 pm [95m  DEBUG[39m [38;5;3m[Agent:reddit/kushg2850@gmail.com] [39m[95mnormalizePlans after loop: 1 tasks, 0 warnings[39m
[95m[Nest] 23300  - [39m11/06/2026, 3:33:11 pm [95m  DEBUG[39m [38;5;3m[Agent:reddit/kushg2850@gmail.com] [39m[95mnormalizePlans before align: 1 tasks, requestedCount=null, stagger=false[39m
[95m[Nest] 23300  - [39m11/06/2026, 3:33:11 pm [95m  DEBUG[39m [38;5;3m[Agent:reddit/kushg2850@gmail.com] [39m[95mnormalizePlans result: 1 tasks after normalization, 0 warnings, 0 errors[39m
[32m[Nest] 23300  - [39m11/06/2026, 3:33:27 pm [32m    LOG[39m [38;5;3m[CredentialService] [39m[32mRestored session for reddit/kushg2850@gmail.com[39m
[95m[Nest] 23300  - [39m11/06/2026, 3:33:32 pm [95m  DEBUG[39m [38;5;3m[Agent:reddit/kushg2850@gmail.com] [39m[95mnormalizePlans task #1: action="post" resolved=post[39m
[95m[Nest] 23300  - [39m11/06/2026, 3:33:32 pm [95m  DEBUG[39m [38;5;3m[Agent:reddit/kushg2850@gmail.com] [39m[95mnormalizePlans task #1 pushed: name=post_greeting_in_subreddit[39m
[95m[Nest] 23300  - [39m11/06/2026, 3:33:32 pm [95m  DEBUG[39m [38;5;3m[Agent:reddit/kushg2850@gmail.com] [39m[95mnormalizePlans task #2: action="post" resolved=post[39m
[95m[Nest] 23300  - [39m11/06/2026, 3:33:32 pm [95m  DEBUG[39m [38;5;3m[Agent:reddit/kushg2850@gmail.com] [39m[95mnormalizePlans task #2 pushed: name=post_greeting_in_subreddit_2[39m
[95m[Nest] 23300  - [39m11/06/2026, 3:33:32 pm [95m  DEBUG[39m [38;5;3m[Agent:reddit/kushg2850@gmail.com] [39m[95mnormalizePlans task #3: action="post" resolved=post[39m
[95m[Nest] 23300  - [39m11/06/2026, 3:33:32 pm [95m  DEBUG[39m [38;5;3m[Agent:reddit/kushg2850@gmail.com] [39m[95mnormalizePlans task #3 pushed: name=post_greeting_in_subreddit_3[39m
[95m[Nest] 23300  - [39m11/06/2026, 3:33:32 pm [95m  DEBUG[39m [38;5;3m[Agent:reddit/kushg2850@gmail.com] [39m[95mnormalizePlans task #4: action="post" resolved=post[39m
[95m[Nest] 23300  - [39m11/06/2026, 3:33:32 pm [95m  DEBUG[39m [38;5;3m[Agent:reddit/kushg2850@gmail.com] [39m[95mnormalizePlans task #4 pushed: name=post_greeting_in_subreddit_4[39m
[95m[Nest] 23300  - [39m11/06/2026, 3:33:32 pm [95m  DEBUG[39m [38;5;3m[Agent:reddit/kushg2850@gmail.com] [39m[95mnormalizePlans task #5: action="post" resolved=post[39m
[95m[Nest] 23300  - [39m11/06/2026, 3:33:32 pm [95m  DEBUG[39m [38;5;3m[Agent:reddit/kushg2850@gmail.com] [39m[95mnormalizePlans task #5 pushed: name=post_greeting_in_subreddit_5[39m
[95m[Nest] 23300  - [39m11/06/2026, 3:33:32 pm [95m  DEBUG[39m [38;5;3m[Agent:reddit/kushg2850@gmail.com] [39m[95mnormalizePlans after loop: 5 tasks, 0 warnings[39m
[95m[Nest] 23300  - [39m11/06/2026, 3:33:32 pm [95m  DEBUG[39m [38;5;3m[Agent:reddit/kushg2850@gmail.com] [39m[95mnormalizePlans before align: 5 tasks, requestedCount=null, stagger=false[39m
[95m[Nest] 23300  - [39m11/06/2026, 3:33:32 pm [95m  DEBUG[39m [38;5;3m[Agent:reddit/kushg2850@gmail.com] [39m[95mnormalizePlans result: 5 tasks after normalization, 0 warnings, 0 errors[39m
[32m[Nest] 23300  - [39m11/06/2026, 3:33:50 pm [32m    LOG[39m [38;5;3m[CredentialService] [39m[32mLogging in to linkedin-page as test@linkedin.com[39m
[32m[Nest] 23300  - [39m11/06/2026, 3:34:53 pm [32m    LOG[39m [38;5;3m[CredentialService] [39m[32mLogging in to threads as test_instagram[39m
[32m[Nest] 23300  - [39m11/06/2026, 3:35:28 pm [32m    LOG[39m [38;5;3m[CredentialService] [39m[32mLogging in to hashnode as test[39m
[32m[Nest] 23300  - [39m11/06/2026, 3:35:30 pm [32m    LOG[39m [38;5;3m[CredentialService] [39m[32mLogging in to dev-to as test[39m
[32m[Nest] 23300  - [39m11/06/2026, 3:35:30 pm [32m    LOG[39m [38;5;3m[CredentialService] [39m[32mLogging in to medium as test@medium.com[39m
[32m[Nest] 23300  - [39m11/06/2026, 3:36:07 pm [32m    LOG[39m [38;5;3m[CredentialService] [39m[32mLogging in to pinterest as test@pinterest.com[39m
[32m[Nest] 23300  - [39m11/06/2026, 3:36:42 pm [32m    LOG[39m [38;5;3m[CredentialService] [39m[32mLogging in to tiktok as test@tiktok.com[39m
[32m[Nest] 23300  - [39m11/06/2026, 3:37:05 pm [32m    LOG[39m [38;5;3m[CredentialService] [39m[32mLogging in to discord as test@discord.com[39m
[32m[Nest] 23300  - [39m11/06/2026, 3:37:55 pm [32m    LOG[39m [38;5;3m[CredentialService] [39m[32mLogging in to bluesky as test.bsky.social[39m
[32m[Nest] 23300  - [39m11/06/2026, 3:37:56 pm [32m    LOG[39m [38;5;3m[CredentialService] [39m[32mLogging in to facebook as test@facebook.com[39m
[32m[Nest] 23300  - [39m11/06/2026, 3:38:12 pm [32m    LOG[39m [38;5;3m[CredentialService] [39m[32mLogging in to instagram as test_instagram[39m
[32m[Nest] 23300  - [39m11/06/2026, 3:38:38 pm [32m    LOG[39m [38;5;3m[CredentialService] [39m[32mLogging in to linkedin as test@linkedin.com[39m
[32m[Nest] 23300  - [39m11/06/2026, 3:39:04 pm [32m    LOG[39m [38;5;3m[CredentialService] [39m[32mRestored session for reddit/kushg2850@gmail.com[39m
[95m[Nest] 23300  - [39m11/06/2026, 3:39:06 pm [95m  DEBUG[39m [38;5;3m[Agent:reddit/kushg2850@gmail.com] [39m[95mnormalizePlans task #1: action="post" resolved=post[39m
[95m[Nest] 23300  - [39m11/06/2026, 3:39:06 pm [95m  DEBUG[39m [38;5;3m[Agent:reddit/kushg2850@gmail.com] [39m[95mnormalizePlans task #1 pushed: name=post_greeting_on_subreddit[39m
[95m[Nest] 23300  - [39m11/06/2026, 3:39:06 pm [95m  DEBUG[39m [38;5;3m[Agent:reddit/kushg2850@gmail.com] [39m[95mnormalizePlans after loop: 1 tasks, 0 warnings[39m
[95m[Nest] 23300  - [39m11/06/2026, 3:39:06 pm [95m  DEBUG[39m [38;5;3m[Agent:reddit/kushg2850@gmail.com] [39m[95mnormalizePlans before align: 1 tasks, requestedCount=null, stagger=false[39m
[95m[Nest] 23300  - [39m11/06/2026, 3:39:06 pm [95m  DEBUG[39m [38;5;3m[Agent:reddit/kushg2850@gmail.com] [39m[95mnormalizePlans result: 1 tasks after normalization, 0 warnings, 0 errors[39m
[32m[Nest] 23300  - [39m11/06/2026, 5:21:22 pm [32m    LOG[39m [38;5;3m[CredentialService] [39m[32mLogging in to x as kushgupta2019@gmail.com[39m
X login page loaded: https://x.com/i/jf/onboarding/web?mode=login
HTML snippet: <!DOCTYPE html><html dir="ltr" lang="en" style="overflow: hidden; overscroll-behavior-y: none; font-size: 15px; color-scheme: light; margin-right: 0px;"><head><style>input::placeholder { user-select: none; -webkit-user-select: none; } div div ::-webkit-input-placeholder { color: rgb(117, 117, 117) } iframe { color-scheme: auto; }button { text-align: inherit; font-size: inherit; font-family: inherit; color: inherit }</style><style>@font-face {
  font-family: Vazirmatn;
  src: url(https://abs.twim
X next button found: true
X next button clicked
X login button found: true
X login button clicked
X login timeout at https://x.com/i/jf/onboarding/web?mode=login, html=<!DOCTYPE html><html dir="ltr" lang="en" style="overflow: hidden; overscroll-behavior-y: none; font-size: 15px; color-scheme: light; margin-right: 0px;"><head><style>input::placeholder { user-select: none; -webkit-user-select: none; } div div ::-webkit-input-placeholder { color: rgb(117, 117, 117) } iframe { color-scheme: auto; }button { text-align: inherit; font-size: inherit; font-family: inherit; color: inherit }</style><style>@font-face {
  font-family: Vazirmatn;
  src: url(https://abs.twimg.com/responsive-web/client-web/Vazirmatn-Light.a929468a.woff2) format('woff2');
  font-weight: 300;
  font-style: 'normal';
  font-display: 'swap';
}
@font-face {
  font-family: Vazirmatn;
  src: url(https://abs.twimg.com/responsive-web/client-web/Vazirmatn-Regular.58c84f6a.woff2) format('woff2');
  font-weight: 400;
  font-style: 'normal';
  font-display: 'swap';
}
@font-face {
  font-family: Vazirmatn;
  src: url(https://abs.twimg.com/responsive-web/client-web/Vazirmatn-Medium.bc7d8f1a.woff2)
[32m[Nest] 23300  - [39m11/06/2026, 5:29:42 pm [32m    LOG[39m [38;5;3m[CredentialService] [39m[32mRestored session for reddit/kushg2850@gmail.com[39m
[95m[Nest] 23300  - [39m11/06/2026, 5:29:51 pm [95m  DEBUG[39m [38;5;3m[Agent:reddit/kushg2850@gmail.com] [39m[95mnormalizePlans task #1: action="post" resolved=post[39m
[95m[Nest] 23300  - [39m11/06/2026, 5:29:51 pm [95m  DEBUG[39m [38;5;3m[Agent:reddit/kushg2850@gmail.com] [39m[95mnormalizePlans task #1 pushed: name=post_greeting[39m
[95m[Nest] 23300  - [39m11/06/2026, 5:29:51 pm [95m  DEBUG[39m [38;5;3m[Agent:reddit/kushg2850@gmail.com] [39m[95mnormalizePlans task #2: action="search_and_comment" resolved=search_and_comment[39m
[95m[Nest] 23300  - [39m11/06/2026, 5:29:51 pm [95m  DEBUG[39m [38;5;3m[Agent:reddit/kushg2850@gmail.com] [39m[95mnormalizePlans task #2 pushed: name=comment_on_post_1[39m
[95m[Nest] 23300  - [39m11/06/2026, 5:29:51 pm [95m  DEBUG[39m [38;5;3m[Agent:reddit/kushg2850@gmail.com] [39m[95mnormalizePlans task #3: action="search_and_comment" resolved=search_and_comment[39m
[95m[Nest] 23300  - [39m11/06/2026, 5:29:51 pm [95m  DEBUG[39m [38;5;3m[Agent:reddit/kushg2850@gmail.com] [39m[95mnormalizePlans task #3 pushed: name=comment_on_post_2[39m
[95m[Nest] 23300  - [39m11/06/2026, 5:29:51 pm [95m  DEBUG[39m [38;5;3m[Agent:reddit/kushg2850@gmail.com] [39m[95mnormalizePlans task #4: action="search_and_comment" resolved=search_and_comment[39m
[95m[Nest] 23300  - [39m11/06/2026, 5:29:51 pm [95m  DEBUG[39m [38;5;3m[Agent:reddit/kushg2850@gmail.com] [39m[95mnormalizePlans task #4 pushed: name=comment_on_post_3[39m
[95m[Nest] 23300  - [39m11/06/2026, 5:29:51 pm [95m  DEBUG[39m [38;5;3m[Agent:reddit/kushg2850@gmail.com] [39m[95mnormalizePlans task #5: action="search_and_comment" resolved=search_and_comment[39m
[95m[Nest] 23300  - [39m11/06/2026, 5:29:51 pm [95m  DEBUG[39m [38;5;3m[Agent:reddit/kushg2850@gmail.com] [39m[95mnormalizePlans task #5 pushed: name=comment_on_post_4[39m
[95m[Nest] 23300  - [39m11/06/2026, 5:29:51 pm [95m  DEBUG[39m [38;5;3m[Agent:reddit/kushg2850@gmail.com] [39m[95mnormalizePlans task #6: action="search_and_comment" resolved=search_and_comment[39m
[95m[Nest] 23300  - [39m11/06/2026, 5:29:51 pm [95m  DEBUG[39m [38;5;3m[Agent:reddit/kushg2850@gmail.com] [39m[95mnormalizePlans task #6 pushed: name=comment_on_post_5[39m
[95m[Nest] 23300  - [39m11/06/2026, 5:29:51 pm [95m  DEBUG[39m [38;5;3m[Agent:reddit/kushg2850@gmail.com] [39m[95mnormalizePlans task #7: action="search_and_comment" resolved=search_and_comment[39m
[95m[Nest] 23300  - [39m11/06/2026, 5:29:51 pm [95m  DEBUG[39m [38;5;3m[Agent:reddit/kushg2850@gmail.com] [39m[95mnormalizePlans task #7 pushed: name=comment_on_post_6[39m
[95m[Nest] 23300  - [39m11/06/2026, 5:29:51 pm [95m  DEBUG[39m [38;5;3m[Agent:reddit/kushg2850@gmail.com] [39m[95mnormalizePlans task #8: action="search_and_comment" resolved=search_and_comment[39m
[95m[Nest] 23300  - [39m11/06/2026, 5:29:51 pm [95m  DEBUG[39m [38;5;3m[Agent:reddit/kushg2850@gmail.com] [39m[95mnormalizePlans task #8 pushed: name=comment_on_post_7[39m
[95m[Nest] 23300  - [39m11/06/2026, 5:29:51 pm [95m  DEBUG[39m [38;5;3m[Agent:reddit/kushg2850@gmail.com] [39m[95mnormalizePlans task #9: action="search_and_comment" resolved=search_and_comment[39m
[95m[Nest] 23300  - [39m11/06/2026, 5:29:51 pm [95m  DEBUG[39m [38;5;3m[Agent:reddit/kushg2850@gmail.com] [39m[95mnormalizePlans task #9 pushed: name=comment_on_post_8[39m
[95m[Nest] 23300  - [39m11/06/2026, 5:29:51 pm [95m  DEBUG[39m [38;5;3m[Agent:reddit/kushg2850@gmail.com] [39m[95mnormalizePlans task #10: action="search_and_comment" resolved=search_and_comment[39m
[95m[Nest] 23300  - [39m11/06/2026, 5:29:51 pm [95m  DEBUG[39m [38;5;3m[Agent:reddit/kushg2850@gmail.com] [39m[95mnormalizePlans task #10 pushed: name=comment_on_post_9[39m
[95m[Nest] 23300  - [39m11/06/2026, 5:29:51 pm [95m  DEBUG[39m [38;5;3m[Agent:reddit/kushg2850@gmail.com] [39m[95mnormalizePlans task #11: action="search_and_comment" resolved=search_and_comment[39m
[95m[Nest] 23300  - [39m11/06/2026, 5:29:51 pm [95m  DEBUG[39m [38;5;3m[Agent:reddit/kushg2850@gmail.com] [39m[95mnormalizePlans task #11 pushed: name=comment_on_post_10[39m
[95m[Nest] 23300  - [39m11/06/2026, 5:29:51 pm [95m  DEBUG[39m [38;5;3m[Agent:reddit/kushg2850@gmail.com] [39m[95mnormalizePlans after loop: 11 tasks, 0 warnings[39m
[95m[Nest] 23300  - [39m11/06/2026, 5:29:51 pm [95m  DEBUG[39m [38;5;3m[Agent:reddit/kushg2850@gmail.com] [39m[95mnormalizePlans before align: 11 tasks, requestedCount=10, stagger=false[39m
[95m[Nest] 23300  - [39m11/06/2026, 5:29:51 pm [95m  DEBUG[39m [38;5;3m[Agent:reddit/kushg2850@gmail.com] [39m[95mnormalizePlans align returned: 10 tasks[39m
[95m[Nest] 23300  - [39m11/06/2026, 5:29:51 pm [95m  DEBUG[39m [38;5;3m[Agent:reddit/kushg2850@gmail.com] [39m[95mnormalizePlans result: 10 tasks after normalization, 2 warnings, 0 errors[39m
[32m[Nest] 23300  - [39m11/06/2026, 5:29:51 pm [32m    LOG[39m [38;5;3m[Agent:reddit/kushg2850@gmail.com] [39m[32mStarting for reddit/kushg2850@gmail.com[39m
[32m[Nest] 23300  - [39m11/06/2026, 5:29:51 pm [32m    LOG[39m [38;5;3m[Agent:reddit/kushg2850@gmail.com] [39m[32mUsing pre-planned tasks: post_greeting(30m), comment_on_post_1(30m), comment_on_post_2(30m), comment_on_post_3(30m), comment_on_post_4(30m), comment_on_post_5(30m), comment_on_post_6(30m), comment_on_post_7(30m), comment_on_post_8(30m), comment_on_post_9(30m)[39m
[32m[Nest] 23300  - [39m11/06/2026, 5:29:51 pm [32m    LOG[39m [38;5;3m[DeploymentService] [39m[32mStarted agent dadda715-f5c7-4e7e-bfaf-0bef9200346a for reddit/kushg2850@gmail.com[39m
