[backend] bootstrap:start
[32m[Nest] 9772  - [39m11/06/2026, 8:14:02 pm [32m    LOG[39m [38;5;3m[NestFactory] [39m[32mStarting Nest application...[39m
[32m[Nest] 9772  - [39m11/06/2026, 8:14:03 pm [32m    LOG[39m [38;5;3m[InstanceLoader] [39m[32mThrottlerModule dependencies initialized[39m[38;5;3m +96ms[39m
[32m[Nest] 9772  - [39m11/06/2026, 8:14:03 pm [32m    LOG[39m [38;5;3m[InstanceLoader] [39m[32mDatabaseModule dependencies initialized[39m[38;5;3m +2ms[39m
[32m[Nest] 9772  - [39m11/06/2026, 8:14:03 pm [32m    LOG[39m [38;5;3m[InstanceLoader] [39m[32mAppModule dependencies initialized[39m[38;5;3m +0ms[39m
[32m[Nest] 9772  - [39m11/06/2026, 8:14:03 pm [32m    LOG[39m [38;5;3m[InstanceLoader] [39m[32mApiModule dependencies initialized[39m[38;5;3m +4ms[39m
[backend] bootstrap:app-created
[backend] bootstrap:listening 4000
[32m[Nest] 9772  - [39m11/06/2026, 8:14:08 pm [32m    LOG[39m [38;5;3m[RoutesResolver] [39m[32mSwarmController {/swarm}:[39m[38;5;3m +5929ms[39m
[32m[Nest] 9772  - [39m11/06/2026, 8:14:08 pm [32m    LOG[39m [38;5;3m[RouterExplorer] [39m[32mMapped {/swarm/platforms, GET} route[39m[38;5;3m +4ms[39m
[32m[Nest] 9772  - [39m11/06/2026, 8:14:08 pm [32m    LOG[39m [38;5;3m[RouterExplorer] [39m[32mMapped {/swarm/credentials, POST} route[39m[38;5;3m +2ms[39m
[32m[Nest] 9772  - [39m11/06/2026, 8:14:08 pm [32m    LOG[39m [38;5;3m[RouterExplorer] [39m[32mMapped {/swarm/credentials, GET} route[39m[38;5;3m +1ms[39m
[32m[Nest] 9772  - [39m11/06/2026, 8:14:08 pm [32m    LOG[39m [38;5;3m[RouterExplorer] [39m[32mMapped {/swarm/credentials/:id/name, PUT} route[39m[38;5;3m +1ms[39m
[32m[Nest] 9772  - [39m11/06/2026, 8:14:08 pm [32m    LOG[39m [38;5;3m[RouterExplorer] [39m[32mMapped {/swarm/credentials/:id, DELETE} route[39m[38;5;3m +1ms[39m
[32m[Nest] 9772  - [39m11/06/2026, 8:14:08 pm [32m    LOG[39m [38;5;3m[RouterExplorer] [39m[32mMapped {/swarm/credentials/:id/toggle, PUT} route[39m[38;5;3m +1ms[39m
[32m[Nest] 9772  - [39m11/06/2026, 8:14:08 pm [32m    LOG[39m [38;5;3m[RouterExplorer] [39m[32mMapped {/swarm/deploy, POST} route[39m[38;5;3m +1ms[39m
[32m[Nest] 9772  - [39m11/06/2026, 8:14:08 pm [32m    LOG[39m [38;5;3m[RouterExplorer] [39m[32mMapped {/swarm/attachments/upload, POST} route[39m[38;5;3m +1ms[39m
[32m[Nest] 9772  - [39m11/06/2026, 8:14:08 pm [32m    LOG[39m [38;5;3m[RouterExplorer] [39m[32mMapped {/swarm/attachments/delete, POST} route[39m[38;5;3m +2ms[39m
[32m[Nest] 9772  - [39m11/06/2026, 8:14:08 pm [32m    LOG[39m [38;5;3m[RouterExplorer] [39m[32mMapped {/swarm/deployments, GET} route[39m[38;5;3m +1ms[39m
[32m[Nest] 9772  - [39m11/06/2026, 8:14:08 pm [32m    LOG[39m [38;5;3m[RouterExplorer] [39m[32mMapped {/swarm/deployments/:id, DELETE} route[39m[38;5;3m +0ms[39m
[32m[Nest] 9772  - [39m11/06/2026, 8:14:08 pm [32m    LOG[39m [38;5;3m[RouterExplorer] [39m[32mMapped {/swarm/deployments/:id/pause, POST} route[39m[38;5;3m +1ms[39m
[32m[Nest] 9772  - [39m11/06/2026, 8:14:08 pm [32m    LOG[39m [38;5;3m[RouterExplorer] [39m[32mMapped {/swarm/deployments/:id/resume, POST} route[39m[38;5;3m +0ms[39m
[32m[Nest] 9772  - [39m11/06/2026, 8:14:08 pm [32m    LOG[39m [38;5;3m[RouterExplorer] [39m[32mMapped {/swarm/deployments/:deploymentId/agents/:agentId, DELETE} route[39m[38;5;3m +1ms[39m
[32m[Nest] 9772  - [39m11/06/2026, 8:14:08 pm [32m    LOG[39m [38;5;3m[RouterExplorer] [39m[32mMapped {/swarm/deployments/:deploymentId/agents/:agentId/pause, POST} route[39m[38;5;3m +1ms[39m
[32m[Nest] 9772  - [39m11/06/2026, 8:14:08 pm [32m    LOG[39m [38;5;3m[RouterExplorer] [39m[32mMapped {/swarm/deployments/:deploymentId/agents/:agentId/resume, POST} route[39m[38;5;3m +1ms[39m
[32m[Nest] 9772  - [39m11/06/2026, 8:14:08 pm [32m    LOG[39m [38;5;3m[RouterExplorer] [39m[32mMapped {/swarm/logs, GET} route[39m[38;5;3m +1ms[39m
[32m[Nest] 9772  - [39m11/06/2026, 8:14:09 pm [32m    LOG[39m [38;5;3m[NestApplication] [39m[32mNest application successfully started[39m[38;5;3m +100ms[39m
