[backend] bootstrap:start
[32m[Nest] 23928  - [39m11/06/2026, 8:56:44 pm [32m    LOG[39m [38;5;3m[NestFactory] [39m[32mStarting Nest application...[39m
[32m[Nest] 23928  - [39m11/06/2026, 8:56:45 pm [32m    LOG[39m [38;5;3m[InstanceLoader] [39m[32mThrottlerModule dependencies initialized[39m[38;5;3m +83ms[39m
[32m[Nest] 23928  - [39m11/06/2026, 8:56:45 pm [32m    LOG[39m [38;5;3m[InstanceLoader] [39m[32mDatabaseModule dependencies initialized[39m[38;5;3m +1ms[39m
[32m[Nest] 23928  - [39m11/06/2026, 8:56:45 pm [32m    LOG[39m [38;5;3m[InstanceLoader] [39m[32mAppModule dependencies initialized[39m[38;5;3m +1ms[39m
[32m[Nest] 23928  - [39m11/06/2026, 8:56:45 pm [32m    LOG[39m [38;5;3m[InstanceLoader] [39m[32mApiModule dependencies initialized[39m[38;5;3m +3ms[39m
[backend] bootstrap:app-created
[backend] bootstrap:listening 4000
[32m[Nest] 23928  - [39m11/06/2026, 8:56:45 pm [32m    LOG[39m [38;5;3m[RoutesResolver] [39m[32mSwarmController {/swarm}:[39m[38;5;3m +574ms[39m
[32m[Nest] 23928  - [39m11/06/2026, 8:56:45 pm [32m    LOG[39m [38;5;3m[RouterExplorer] [39m[32mMapped {/swarm/platforms, GET} route[39m[38;5;3m +3ms[39m
[32m[Nest] 23928  - [39m11/06/2026, 8:56:45 pm [32m    LOG[39m [38;5;3m[RouterExplorer] [39m[32mMapped {/swarm/credentials, POST} route[39m[38;5;3m +1ms[39m
[32m[Nest] 23928  - [39m11/06/2026, 8:56:45 pm [32m    LOG[39m [38;5;3m[RouterExplorer] [39m[32mMapped {/swarm/credentials, GET} route[39m[38;5;3m +1ms[39m
[32m[Nest] 23928  - [39m11/06/2026, 8:56:45 pm [32m    LOG[39m [38;5;3m[RouterExplorer] [39m[32mMapped {/swarm/credentials/:id/name, PUT} route[39m[38;5;3m +1ms[39m
[32m[Nest] 23928  - [39m11/06/2026, 8:56:45 pm [32m    LOG[39m [38;5;3m[RouterExplorer] [39m[32mMapped {/swarm/credentials/:id, DELETE} route[39m[38;5;3m +1ms[39m
[32m[Nest] 23928  - [39m11/06/2026, 8:56:45 pm [32m    LOG[39m [38;5;3m[RouterExplorer] [39m[32mMapped {/swarm/credentials/:id/toggle, PUT} route[39m[38;5;3m +1ms[39m
[32m[Nest] 23928  - [39m11/06/2026, 8:56:45 pm [32m    LOG[39m [38;5;3m[RouterExplorer] [39m[32mMapped {/swarm/deploy, POST} route[39m[38;5;3m +0ms[39m
[32m[Nest] 23928  - [39m11/06/2026, 8:56:45 pm [32m    LOG[39m [38;5;3m[RouterExplorer] [39m[32mMapped {/swarm/attachments/upload, POST} route[39m[38;5;3m +1ms[39m
[32m[Nest] 23928  - [39m11/06/2026, 8:56:45 pm [32m    LOG[39m [38;5;3m[RouterExplorer] [39m[32mMapped {/swarm/attachments/delete, POST} route[39m[38;5;3m +2ms[39m
[32m[Nest] 23928  - [39m11/06/2026, 8:56:45 pm [32m    LOG[39m [38;5;3m[RouterExplorer] [39m[32mMapped {/swarm/deployments, GET} route[39m[38;5;3m +2ms[39m
[32m[Nest] 23928  - [39m11/06/2026, 8:56:45 pm [32m    LOG[39m [38;5;3m[RouterExplorer] [39m[32mMapped {/swarm/deployments/:id, DELETE} route[39m[38;5;3m +1ms[39m
[32m[Nest] 23928  - [39m11/06/2026, 8:56:45 pm [32m    LOG[39m [38;5;3m[RouterExplorer] [39m[32mMapped {/swarm/deployments/:id/pause, POST} route[39m[38;5;3m +1ms[39m
[32m[Nest] 23928  - [39m11/06/2026, 8:56:45 pm [32m    LOG[39m [38;5;3m[RouterExplorer] [39m[32mMapped {/swarm/deployments/:id/resume, POST} route[39m[38;5;3m +1ms[39m
[32m[Nest] 23928  - [39m11/06/2026, 8:56:45 pm [32m    LOG[39m [38;5;3m[RouterExplorer] [39m[32mMapped {/swarm/deployments/:deploymentId/agents/:agentId, DELETE} route[39m[38;5;3m +0ms[39m
[32m[Nest] 23928  - [39m11/06/2026, 8:56:45 pm [32m    LOG[39m [38;5;3m[RouterExplorer] [39m[32mMapped {/swarm/deployments/:deploymentId/agents/:agentId/pause, POST} route[39m[38;5;3m +1ms[39m
[32m[Nest] 23928  - [39m11/06/2026, 8:56:45 pm [32m    LOG[39m [38;5;3m[RouterExplorer] [39m[32mMapped {/swarm/deployments/:deploymentId/agents/:agentId/resume, POST} route[39m[38;5;3m +0ms[39m
[32m[Nest] 23928  - [39m11/06/2026, 8:56:45 pm [32m    LOG[39m [38;5;3m[RouterExplorer] [39m[32mMapped {/swarm/logs, GET} route[39m[38;5;3m +1ms[39m
[32m[Nest] 23928  - [39m11/06/2026, 8:56:45 pm [32m    LOG[39m [38;5;3m[NestApplication] [39m[32mNest application successfully started[39m[38;5;3m +86ms[39m
Backend started successfully on port 4000
[33m[Nest] 23928  - [39m11/06/2026, 8:56:45 pm [33m   WARN[39m [38;5;3m[Configuration issue] [39m[33mMAIN_URL not set. [39m
[33m[Nest] 23928  - [39m11/06/2026, 8:56:45 pm [33m   WARN[39m [33mConfiguration issues found: 1[39m
[32m[Nest] 23928  - [39m11/06/2026, 8:56:45 pm [32m    LOG[39m [32mBackend is running on: http://localhost:4000[39m
[32m[Nest] 23928  - [39m11/06/2026, 8:58:48 pm [32m    LOG[39m [38;5;3m[CredentialService] [39m[32mLogging in to instagram as dawane99652026[39m
