[backend] bootstrap:start
[32m[Nest] 13904  - [39m11/06/2026, 9:48:27 pm [32m    LOG[39m [38;5;3m[NestFactory] [39m[32mStarting Nest application...[39m
[32m[Nest] 13904  - [39m11/06/2026, 9:48:27 pm [32m    LOG[39m [38;5;3m[InstanceLoader] [39m[32mThrottlerModule dependencies initialized[39m[38;5;3m +82ms[39m
[32m[Nest] 13904  - [39m11/06/2026, 9:48:27 pm [32m    LOG[39m [38;5;3m[InstanceLoader] [39m[32mDatabaseModule dependencies initialized[39m[38;5;3m +1ms[39m
[32m[Nest] 13904  - [39m11/06/2026, 9:48:27 pm [32m    LOG[39m [38;5;3m[InstanceLoader] [39m[32mAppModule dependencies initialized[39m[38;5;3m +1ms[39m
[32m[Nest] 13904  - [39m11/06/2026, 9:48:27 pm [32m    LOG[39m [38;5;3m[InstanceLoader] [39m[32mApiModule dependencies initialized[39m[38;5;3m +2ms[39m
[backend] bootstrap:app-created
[backend] bootstrap:listening 4000
[32m[Nest] 13904  - [39m11/06/2026, 9:48:27 pm [32m    LOG[39m [38;5;3m[RoutesResolver] [39m[32mSwarmController {/swarm}:[39m[38;5;3m +562ms[39m
[32m[Nest] 13904  - [39m11/06/2026, 9:48:27 pm [32m    LOG[39m [38;5;3m[RouterExplorer] [39m[32mMapped {/swarm/platforms, GET} route[39m[38;5;3m +5ms[39m
[32m[Nest] 13904  - [39m11/06/2026, 9:48:27 pm [32m    LOG[39m [38;5;3m[RouterExplorer] [39m[32mMapped {/swarm/credentials, POST} route[39m[38;5;3m +1ms[39m
[32m[Nest] 13904  - [39m11/06/2026, 9:48:27 pm [32m    LOG[39m [38;5;3m[RouterExplorer] [39m[32mMapped {/swarm/credentials, GET} route[39m[38;5;3m +1ms[39m
[32m[Nest] 13904  - [39m11/06/2026, 9:48:27 pm [32m    LOG[39m [38;5;3m[RouterExplorer] [39m[32mMapped {/swarm/credentials/:id/name, PUT} route[39m[38;5;3m +1ms[39m
[32m[Nest] 13904  - [39m11/06/2026, 9:48:27 pm [32m    LOG[39m [38;5;3m[RouterExplorer] [39m[32mMapped {/swarm/credentials/:id, DELETE} route[39m[38;5;3m +1ms[39m
[32m[Nest] 13904  - [39m11/06/2026, 9:48:27 pm [32m    LOG[39m [38;5;3m[RouterExplorer] [39m[32mMapped {/swarm/credentials/:id/toggle, PUT} route[39m[38;5;3m +0ms[39m
[32m[Nest] 13904  - [39m11/06/2026, 9:48:27 pm [32m    LOG[39m [38;5;3m[RouterExplorer] [39m[32mMapped {/swarm/deploy, POST} route[39m[38;5;3m +1ms[39m
[32m[Nest] 13904  - [39m11/06/2026, 9:48:27 pm [32m    LOG[39m [38;5;3m[RouterExplorer] [39m[32mMapped {/swarm/attachments/upload, POST} route[39m[38;5;3m +1ms[39m
[32m[Nest] 13904  - [39m11/06/2026, 9:48:27 pm [32m    LOG[39m [38;5;3m[RouterExplorer] [39m[32mMapped {/swarm/attachments/delete, POST} route[39m[38;5;3m +2ms[39m
[32m[Nest] 13904  - [39m11/06/2026, 9:48:27 pm [32m    LOG[39m [38;5;3m[RouterExplorer] [39m[32mMapped {/swarm/deployments, GET} route[39m[38;5;3m +1ms[39m
[32m[Nest] 13904  - [39m11/06/2026, 9:48:27 pm [32m    LOG[39m [38;5;3m[RouterExplorer] [39m[32mMapped {/swarm/deployments/:id, DELETE} route[39m[38;5;3m +0ms[39m
[32m[Nest] 13904  - [39m11/06/2026, 9:48:27 pm [32m    LOG[39m [38;5;3m[RouterExplorer] [39m[32mMapped {/swarm/deployments/:id/pause, POST} route[39m[38;5;3m +1ms[39m
[32m[Nest] 13904  - [39m11/06/2026, 9:48:27 pm [32m    LOG[39m [38;5;3m[RouterExplorer] [39m[32mMapped {/swarm/deployments/:id/resume, POST} route[39m[38;5;3m +0ms[39m
[32m[Nest] 13904  - [39m11/06/2026, 9:48:27 pm [32m    LOG[39m [38;5;3m[RouterExplorer] [39m[32mMapped {/swarm/deployments/:deploymentId/agents/:agentId, DELETE} route[39m[38;5;3m +0ms[39m
[32m[Nest] 13904  - [39m11/06/2026, 9:48:27 pm [32m    LOG[39m [38;5;3m[RouterExplorer] [39m[32mMapped {/swarm/deployments/:deploymentId/agents/:agentId/pause, POST} route[39m[38;5;3m +1ms[39m
[32m[Nest] 13904  - [39m11/06/2026, 9:48:27 pm [32m    LOG[39m [38;5;3m[RouterExplorer] [39m[32mMapped {/swarm/deployments/:deploymentId/agents/:agentId/resume, POST} route[39m[38;5;3m +0ms[39m
[32m[Nest] 13904  - [39m11/06/2026, 9:48:27 pm [32m    LOG[39m [38;5;3m[RouterExplorer] [39m[32mMapped {/swarm/logs, GET} route[39m[38;5;3m +1ms[39m
[32m[Nest] 13904  - [39m11/06/2026, 9:48:27 pm [32m    LOG[39m [38;5;3m[NestApplication] [39m[32mNest application successfully started[39m[38;5;3m +153ms[39m
Backend started successfully on port 4000
[33m[Nest] 13904  - [39m11/06/2026, 9:48:27 pm [33m   WARN[39m [38;5;3m[Configuration issue] [39m[33mMAIN_URL not set. [39m
[33m[Nest] 13904  - [39m11/06/2026, 9:48:27 pm [33m   WARN[39m [33mConfiguration issues found: 1[39m
[32m[Nest] 13904  - [39m11/06/2026, 9:48:27 pm [32m    LOG[39m [32mBackend is running on: http://localhost:4000[39m
[32m[Nest] 13904  - [39m11/06/2026, 9:51:10 pm [32m    LOG[39m [38;5;3m[CredentialService] [39m[32mLogging in to instagram as dawane9965@hotkev.com[39m
[32m[Nest] 13904  - [39m11/06/2026, 9:51:57 pm [32m    LOG[39m [38;5;3m[CredentialService] [39m[32mLogin successful for instagram/dawane9965@hotkev.com[39m
[95m[Nest] 13904  - [39m11/06/2026, 9:51:59 pm [95m  DEBUG[39m [38;5;3m[Agent:instagram/dawane9965@hotkev.com] [39m[95mnormalizePlans task #1: action="post" resolved=post[39m
[95m[Nest] 13904  - [39m11/06/2026, 9:51:59 pm [95m  DEBUG[39m [38;5;3m[Agent:instagram/dawane9965@hotkev.com] [39m[95mnormalizePlans after loop: 0 tasks, 1 warnings[39m
[95m[Nest] 13904  - [39m11/06/2026, 9:51:59 pm [95m  DEBUG[39m [38;5;3m[Agent:instagram/dawane9965@hotkev.com] [39m[95mnormalizePlans before align: 0 tasks, requestedCount=null, stagger=false[39m
[95m[Nest] 13904  - [39m11/06/2026, 9:51:59 pm [95m  DEBUG[39m [38;5;3m[Agent:instagram/dawane9965@hotkev.com] [39m[95mnormalizePlans result: 0 tasks after normalization, 1 warnings, 1 errors[39m
[32m[Nest] 13904  - [39m11/06/2026, 9:52:13 pm [32m    LOG[39m [38;5;3m[CredentialService] [39m[32mRestored session for instagram/dawane9965@hotkev.com[39m
[95m[Nest] 13904  - [39m11/06/2026, 9:52:14 pm [95m  DEBUG[39m [38;5;3m[Agent:instagram/dawane9965@hotkev.com] [39m[95mnormalizePlans task #1: action="search_and_like" resolved=search_and_like[39m
[95m[Nest] 13904  - [39m11/06/2026, 9:52:14 pm [95m  DEBUG[39m [38;5;3m[Agent:instagram/dawane9965@hotkev.com] [39m[95mnormalizePlans after loop: 0 tasks, 1 warnings[39m
[95m[Nest] 13904  - [39m11/06/2026, 9:52:14 pm [95m  DEBUG[39m [38;5;3m[Agent:instagram/dawane9965@hotkev.com] [39m[95mnormalizePlans before align: 0 tasks, requestedCount=null, stagger=false[39m
[95m[Nest] 13904  - [39m11/06/2026, 9:52:14 pm [95m  DEBUG[39m [38;5;3m[Agent:instagram/dawane9965@hotkev.com] [39m[95mnormalizePlans result: 0 tasks after normalization, 1 warnings, 1 errors[39m
[32m[Nest] 13904  - [39m11/06/2026, 9:52:54 pm [32m    LOG[39m [38;5;3m[CredentialService] [39m[32mLogging in to threads as dawane9965@hotkev.com[39m
[32m[Nest] 13904  - [39m11/06/2026, 9:53:13 pm [32m    LOG[39m [38;5;3m[CredentialService] [39m[32mLogin successful for threads/dawane9965@hotkev.com[39m
[95m[Nest] 13904  - [39m11/06/2026, 9:53:14 pm [95m  DEBUG[39m [38;5;3m[Agent:threads/dawane9965@hotkev.com] [39m[95mnormalizePlans task #1: action="post" resolved=post[39m
[95m[Nest] 13904  - [39m11/06/2026, 9:53:14 pm [95m  DEBUG[39m [38;5;3m[Agent:threads/dawane9965@hotkev.com] [39m[95mnormalizePlans task #1 pushed: name=post_greeting_on_threads[39m
[95m[Nest] 13904  - [39m11/06/2026, 9:53:14 pm [95m  DEBUG[39m [38;5;3m[Agent:threads/dawane9965@hotkev.com] [39m[95mnormalizePlans after loop: 1 tasks, 0 warnings[39m
[95m[Nest] 13904  - [39m11/06/2026, 9:53:14 pm [95m  DEBUG[39m [38;5;3m[Agent:threads/dawane9965@hotkev.com] [39m[95mnormalizePlans before align: 1 tasks, requestedCount=null, stagger=false[39m
[95m[Nest] 13904  - [39m11/06/2026, 9:53:14 pm [95m  DEBUG[39m [38;5;3m[Agent:threads/dawane9965@hotkev.com] [39m[95mnormalizePlans result: 1 tasks after normalization, 0 warnings, 0 errors[39m
[32m[Nest] 13904  - [39m11/06/2026, 9:53:22 pm [32m    LOG[39m [38;5;3m[CredentialService] [39m[32mRestored session for threads/dawane9965@hotkev.com[39m
[95m[Nest] 13904  - [39m11/06/2026, 9:53:25 pm [95m  DEBUG[39m [38;5;3m[Agent:threads/dawane9965@hotkev.com] [39m[95mnormalizePlans task #1: action="post" resolved=post[39m
[95m[Nest] 13904  - [39m11/06/2026, 9:53:25 pm [95m  DEBUG[39m [38;5;3m[Agent:threads/dawane9965@hotkev.com] [39m[95mnormalizePlans task #1 pushed: name=post_greeting_on_threads[39m
[95m[Nest] 13904  - [39m11/06/2026, 9:53:25 pm [95m  DEBUG[39m [38;5;3m[Agent:threads/dawane9965@hotkev.com] [39m[95mnormalizePlans after loop: 1 tasks, 0 warnings[39m
[95m[Nest] 13904  - [39m11/06/2026, 9:53:25 pm [95m  DEBUG[39m [38;5;3m[Agent:threads/dawane9965@hotkev.com] [39m[95mnormalizePlans before align: 1 tasks, requestedCount=null, stagger=false[39m
[95m[Nest] 13904  - [39m11/06/2026, 9:53:25 pm [95m  DEBUG[39m [38;5;3m[Agent:threads/dawane9965@hotkev.com] [39m[95mnormalizePlans result: 1 tasks after normalization, 0 warnings, 0 errors[39m
[32m[Nest] 13904  - [39m11/06/2026, 9:53:25 pm [32m    LOG[39m [38;5;3m[Agent:threads/dawane9965@hotkev.com] [39m[32mStarting for threads/dawane9965@hotkev.com[39m
[32m[Nest] 13904  - [39m11/06/2026, 9:53:25 pm [32m    LOG[39m [38;5;3m[Agent:threads/dawane9965@hotkev.com] [39m[32mUsing pre-planned tasks: post_greeting_on_threads(30m)[39m
[32m[Nest] 13904  - [39m11/06/2026, 9:53:25 pm [32m    LOG[39m [38;5;3m[DeploymentService] [39m[32mStarted agent 4977f3f4-1124-48d6-a328-5e73b2b064cc for threads/dawane9965@hotkev.com[39m
