[backend] bootstrap:start
[32m[Nest] 27280  - [39m11/06/2026, 9:56:27 pm [32m    LOG[39m [38;5;3m[NestFactory] [39m[32mStarting Nest application...[39m
[32m[Nest] 27280  - [39m11/06/2026, 9:56:27 pm [32m    LOG[39m [38;5;3m[InstanceLoader] [39m[32mThrottlerModule dependencies initialized[39m[38;5;3m +76ms[39m
[32m[Nest] 27280  - [39m11/06/2026, 9:56:27 pm [32m    LOG[39m [38;5;3m[InstanceLoader] [39m[32mDatabaseModule dependencies initialized[39m[38;5;3m +2ms[39m
[32m[Nest] 27280  - [39m11/06/2026, 9:56:27 pm [32m    LOG[39m [38;5;3m[InstanceLoader] [39m[32mAppModule dependencies initialized[39m[38;5;3m +2ms[39m
[32m[Nest] 27280  - [39m11/06/2026, 9:56:27 pm [32m    LOG[39m [38;5;3m[InstanceLoader] [39m[32mApiModule dependencies initialized[39m[38;5;3m +2ms[39m
[backend] bootstrap:app-created
[backend] bootstrap:listening 4000
[32m[Nest] 27280  - [39m11/06/2026, 9:56:28 pm [32m    LOG[39m [38;5;3m[RoutesResolver] [39m[32mSwarmController {/swarm}:[39m[38;5;3m +733ms[39m
[32m[Nest] 27280  - [39m11/06/2026, 9:56:28 pm [32m    LOG[39m [38;5;3m[RouterExplorer] [39m[32mMapped {/swarm/platforms, GET} route[39m[38;5;3m +9ms[39m
[32m[Nest] 27280  - [39m11/06/2026, 9:56:28 pm [32m    LOG[39m [38;5;3m[RouterExplorer] [39m[32mMapped {/swarm/credentials, POST} route[39m[38;5;3m +2ms[39m
[32m[Nest] 27280  - [39m11/06/2026, 9:56:28 pm [32m    LOG[39m [38;5;3m[RouterExplorer] [39m[32mMapped {/swarm/credentials, GET} route[39m[38;5;3m +2ms[39m
[32m[Nest] 27280  - [39m11/06/2026, 9:56:28 pm [32m    LOG[39m [38;5;3m[RouterExplorer] [39m[32mMapped {/swarm/credentials/:id/name, PUT} route[39m[38;5;3m +2ms[39m
[32m[Nest] 27280  - [39m11/06/2026, 9:56:28 pm [32m    LOG[39m [38;5;3m[RouterExplorer] [39m[32mMapped {/swarm/credentials/:id, DELETE} route[39m[38;5;3m +1ms[39m
[32m[Nest] 27280  - [39m11/06/2026, 9:56:28 pm [32m    LOG[39m [38;5;3m[RouterExplorer] [39m[32mMapped {/swarm/credentials/:id/toggle, PUT} route[39m[38;5;3m +1ms[39m
[32m[Nest] 27280  - [39m11/06/2026, 9:56:28 pm [32m    LOG[39m [38;5;3m[RouterExplorer] [39m[32mMapped {/swarm/deploy, POST} route[39m[38;5;3m +1ms[39m
[32m[Nest] 27280  - [39m11/06/2026, 9:56:28 pm [32m    LOG[39m [38;5;3m[RouterExplorer] [39m[32mMapped {/swarm/attachments/upload, POST} route[39m[38;5;3m +1ms[39m
[32m[Nest] 27280  - [39m11/06/2026, 9:56:28 pm [32m    LOG[39m [38;5;3m[RouterExplorer] [39m[32mMapped {/swarm/attachments/delete, POST} route[39m[38;5;3m +3ms[39m
[32m[Nest] 27280  - [39m11/06/2026, 9:56:28 pm [32m    LOG[39m [38;5;3m[RouterExplorer] [39m[32mMapped {/swarm/deployments, GET} route[39m[38;5;3m +2ms[39m
[32m[Nest] 27280  - [39m11/06/2026, 9:56:28 pm [32m    LOG[39m [38;5;3m[RouterExplorer] [39m[32mMapped {/swarm/deployments/:id, DELETE} route[39m[38;5;3m +1ms[39m
[32m[Nest] 27280  - [39m11/06/2026, 9:56:28 pm [32m    LOG[39m [38;5;3m[RouterExplorer] [39m[32mMapped {/swarm/deployments/:id/pause, POST} route[39m[38;5;3m +1ms[39m
[32m[Nest] 27280  - [39m11/06/2026, 9:56:28 pm [32m    LOG[39m [38;5;3m[RouterExplorer] [39m[32mMapped {/swarm/deployments/:id/resume, POST} route[39m[38;5;3m +2ms[39m
[32m[Nest] 27280  - [39m11/06/2026, 9:56:28 pm [32m    LOG[39m [38;5;3m[RouterExplorer] [39m[32mMapped {/swarm/deployments/:deploymentId/agents/:agentId, DELETE} route[39m[38;5;3m +1ms[39m
[32m[Nest] 27280  - [39m11/06/2026, 9:56:28 pm [32m    LOG[39m [38;5;3m[RouterExplorer] [39m[32mMapped {/swarm/deployments/:deploymentId/agents/:agentId/pause, POST} route[39m[38;5;3m +1ms[39m
[32m[Nest] 27280  - [39m11/06/2026, 9:56:28 pm [32m    LOG[39m [38;5;3m[RouterExplorer] [39m[32mMapped {/swarm/deployments/:deploymentId/agents/:agentId/resume, POST} route[39m[38;5;3m +1ms[39m
[32m[Nest] 27280  - [39m11/06/2026, 9:56:28 pm [32m    LOG[39m [38;5;3m[RouterExplorer] [39m[32mMapped {/swarm/logs, GET} route[39m[38;5;3m +1ms[39m
[32m[Nest] 27280  - [39m11/06/2026, 9:56:28 pm [32m    LOG[39m [38;5;3m[NestApplication] [39m[32mNest application successfully started[39m[38;5;3m +228ms[39m
Backend started successfully on port 4000
[33m[Nest] 27280  - [39m11/06/2026, 9:56:28 pm [33m   WARN[39m [38;5;3m[Configuration issue] [39m[33mMAIN_URL not set. [39m
[33m[Nest] 27280  - [39m11/06/2026, 9:56:28 pm [33m   WARN[39m [33mConfiguration issues found: 1[39m
[32m[Nest] 27280  - [39m11/06/2026, 9:56:28 pm [32m    LOG[39m [32mBackend is running on: http://localhost:4000[39m
[32m[Nest] 27280  - [39m11/06/2026, 9:57:58 pm [32m    LOG[39m [38;5;3m[CredentialService] [39m[32mRestored session for instagram/dawane9965@hotkev.com[39m
[95m[Nest] 27280  - [39m11/06/2026, 9:58:03 pm [95m  DEBUG[39m [38;5;3m[Agent:instagram/dawane9965@hotkev.com] [39m[95mnormalizePlans task #1: action="search_and_like" resolved=search_and_like[39m
[95m[Nest] 27280  - [39m11/06/2026, 9:58:03 pm [95m  DEBUG[39m [38;5;3m[Agent:instagram/dawane9965@hotkev.com] [39m[95mnormalizePlans task #1 pushed: name=subagent_1_like_technology_posts[39m
[95m[Nest] 27280  - [39m11/06/2026, 9:58:03 pm [95m  DEBUG[39m [38;5;3m[Agent:instagram/dawane9965@hotkev.com] [39m[95mnormalizePlans task #2: action="search_and_comment" resolved=search_and_comment[39m
[95m[Nest] 27280  - [39m11/06/2026, 9:58:03 pm [95m  DEBUG[39m [38;5;3m[Agent:instagram/dawane9965@hotkev.com] [39m[95mnormalizePlans task #2 pushed: name=subagent_2_comment_on_technology_posts[39m
[95m[Nest] 27280  - [39m11/06/2026, 9:58:03 pm [95m  DEBUG[39m [38;5;3m[Agent:instagram/dawane9965@hotkev.com] [39m[95mnormalizePlans task #3: action="search_and_like" resolved=search_and_like[39m
[95m[Nest] 27280  - [39m11/06/2026, 9:58:03 pm [95m  DEBUG[39m [38;5;3m[Agent:instagram/dawane9965@hotkev.com] [39m[95mnormalizePlans task #3 pushed: name=subagent_3_like_technology_posts[39m
[95m[Nest] 27280  - [39m11/06/2026, 9:58:03 pm [95m  DEBUG[39m [38;5;3m[Agent:instagram/dawane9965@hotkev.com] [39m[95mnormalizePlans task #4: action="search_and_comment" resolved=search_and_comment[39m
[95m[Nest] 27280  - [39m11/06/2026, 9:58:03 pm [95m  DEBUG[39m [38;5;3m[Agent:instagram/dawane9965@hotkev.com] [39m[95mnormalizePlans task #4 pushed: name=subagent_4_comment_on_technology_posts[39m
[95m[Nest] 27280  - [39m11/06/2026, 9:58:03 pm [95m  DEBUG[39m [38;5;3m[Agent:instagram/dawane9965@hotkev.com] [39m[95mnormalizePlans task #5: action="search_and_like" resolved=search_and_like[39m
[95m[Nest] 27280  - [39m11/06/2026, 9:58:03 pm [95m  DEBUG[39m [38;5;3m[Agent:instagram/dawane9965@hotkev.com] [39m[95mnormalizePlans task #5 pushed: name=subagent_5_like_technology_posts[39m
[95m[Nest] 27280  - [39m11/06/2026, 9:58:03 pm [95m  DEBUG[39m [38;5;3m[Agent:instagram/dawane9965@hotkev.com] [39m[95mnormalizePlans after loop: 5 tasks, 0 warnings[39m
[95m[Nest] 27280  - [39m11/06/2026, 9:58:03 pm [95m  DEBUG[39m [38;5;3m[Agent:instagram/dawane9965@hotkev.com] [39m[95mnormalizePlans before align: 5 tasks, requestedCount=5, stagger=false[39m
[95m[Nest] 27280  - [39m11/06/2026, 9:58:03 pm [95m  DEBUG[39m [38;5;3m[Agent:instagram/dawane9965@hotkev.com] [39m[95mnormalizePlans align returned: 5 tasks[39m
[95m[Nest] 27280  - [39m11/06/2026, 9:58:03 pm [95m  DEBUG[39m [38;5;3m[Agent:instagram/dawane9965@hotkev.com] [39m[95mnormalizePlans result: 5 tasks after normalization, 1 warnings, 0 errors[39m
[32m[Nest] 27280  - [39m11/06/2026, 9:58:09 pm [32m    LOG[39m [38;5;3m[CredentialService] [39m[32mRestored session for threads/dawane9965@hotkev.com[39m
[95m[Nest] 27280  - [39m11/06/2026, 9:58:14 pm [95m  DEBUG[39m [38;5;3m[Agent:threads/dawane9965@hotkev.com] [39m[95mnormalizePlans task #1: action="search_and_like" resolved=search_and_like[39m
[95m[Nest] 27280  - [39m11/06/2026, 9:58:14 pm [95m  DEBUG[39m [38;5;3m[Agent:threads/dawane9965@hotkev.com] [39m[95mnormalizePlans task #1 pushed: name=search_and_like_technology_posts[39m
[95m[Nest] 27280  - [39m11/06/2026, 9:58:14 pm [95m  DEBUG[39m [38;5;3m[Agent:threads/dawane9965@hotkev.com] [39m[95mnormalizePlans task #2: action="search_and_like" resolved=search_and_like[39m
[95m[Nest] 27280  - [39m11/06/2026, 9:58:14 pm [95m  DEBUG[39m [38;5;3m[Agent:threads/dawane9965@hotkev.com] [39m[95mnormalizePlans task #2 pushed: name=search_and_like_technology_posts_2[39m
[95m[Nest] 27280  - [39m11/06/2026, 9:58:14 pm [95m  DEBUG[39m [38;5;3m[Agent:threads/dawane9965@hotkev.com] [39m[95mnormalizePlans task #3: action="search_and_like" resolved=search_and_like[39m
[95m[Nest] 27280  - [39m11/06/2026, 9:58:14 pm [95m  DEBUG[39m [38;5;3m[Agent:threads/dawane9965@hotkev.com] [39m[95mnormalizePlans task #3 pushed: name=search_and_like_technology_posts_3[39m
[95m[Nest] 27280  - [39m11/06/2026, 9:58:14 pm [95m  DEBUG[39m [38;5;3m[Agent:threads/dawane9965@hotkev.com] [39m[95mnormalizePlans task #4: action="search_and_comment" resolved=search_and_comment[39m
[95m[Nest] 27280  - [39m11/06/2026, 9:58:14 pm [95m  DEBUG[39m [38;5;3m[Agent:threads/dawane9965@hotkev.com] [39m[95mnormalizePlans task #4 pushed: name=search_and_comment_on_technology_posts[39m
[95m[Nest] 27280  - [39m11/06/2026, 9:58:14 pm [95m  DEBUG[39m [38;5;3m[Agent:threads/dawane9965@hotkev.com] [39m[95mnormalizePlans task #5: action="search_and_comment" resolved=search_and_comment[39m
[95m[Nest] 27280  - [39m11/06/2026, 9:58:14 pm [95m  DEBUG[39m [38;5;3m[Agent:threads/dawane9965@hotkev.com] [39m[95mnormalizePlans task #5 pushed: name=search_and_comment_on_technology_posts_2[39m
[95m[Nest] 27280  - [39m11/06/2026, 9:58:14 pm [95m  DEBUG[39m [38;5;3m[Agent:threads/dawane9965@hotkev.com] [39m[95mnormalizePlans task #6: action="post" resolved=post[39m
[95m[Nest] 27280  - [39m11/06/2026, 9:58:14 pm [95m  DEBUG[39m [38;5;3m[Agent:threads/dawane9965@hotkev.com] [39m[95mnormalizePlans task #6 pushed: name=post_hello_world[39m
[95m[Nest] 27280  - [39m11/06/2026, 9:58:14 pm [95m  DEBUG[39m [38;5;3m[Agent:threads/dawane9965@hotkev.com] [39m[95mnormalizePlans after loop: 6 tasks, 0 warnings[39m
[95m[Nest] 27280  - [39m11/06/2026, 9:58:14 pm [95m  DEBUG[39m [38;5;3m[Agent:threads/dawane9965@hotkev.com] [39m[95mnormalizePlans before align: 6 tasks, requestedCount=null, stagger=false[39m
[95m[Nest] 27280  - [39m11/06/2026, 9:58:14 pm [95m  DEBUG[39m [38;5;3m[Agent:threads/dawane9965@hotkev.com] [39m[95mnormalizePlans result: 6 tasks after normalization, 0 warnings, 0 errors[39m
[32m[Nest] 27280  - [39m11/06/2026, 9:58:26 pm [32m    LOG[39m [38;5;3m[CredentialService] [39m[32mRestored session for instagram/dawane9965@hotkev.com[39m
[95m[Nest] 27280  - [39m11/06/2026, 9:58:32 pm [95m  DEBUG[39m [38;5;3m[Agent:instagram/dawane9965@hotkev.com] [39m[95mnormalizePlans task #1: action="search_and_like" resolved=search_and_like[39m
[95m[Nest] 27280  - [39m11/06/2026, 9:58:32 pm [95m  DEBUG[39m [38;5;3m[Agent:instagram/dawane9965@hotkev.com] [39m[95mnormalizePlans task #1 pushed: name=like_technology_post_1[39m
[95m[Nest] 27280  - [39m11/06/2026, 9:58:32 pm [95m  DEBUG[39m [38;5;3m[Agent:instagram/dawane9965@hotkev.com] [39m[95mnormalizePlans task #2: action="search_and_like" resolved=search_and_like[39m
[95m[Nest] 27280  - [39m11/06/2026, 9:58:32 pm [95m  DEBUG[39m [38;5;3m[Agent:instagram/dawane9965@hotkev.com] [39m[95mnormalizePlans task #2 pushed: name=like_technology_post_2[39m
[95m[Nest] 27280  - [39m11/06/2026, 9:58:32 pm [95m  DEBUG[39m [38;5;3m[Agent:instagram/dawane9965@hotkev.com] [39m[95mnormalizePlans after loop: 2 tasks, 0 warnings[39m
[95m[Nest] 27280  - [39m11/06/2026, 9:58:32 pm [95m  DEBUG[39m [38;5;3m[Agent:instagram/dawane9965@hotkev.com] [39m[95mnormalizePlans before align: 2 tasks, requestedCount=null, stagger=false[39m
[95m[Nest] 27280  - [39m11/06/2026, 9:58:32 pm [95m  DEBUG[39m [38;5;3m[Agent:instagram/dawane9965@hotkev.com] [39m[95mnormalizePlans result: 2 tasks after normalization, 0 warnings, 0 errors[39m
[32m[Nest] 27280  - [39m11/06/2026, 9:58:32 pm [32m    LOG[39m [38;5;3m[Agent:instagram/dawane9965@hotkev.com] [39m[32mStarting for instagram/dawane9965@hotkev.com[39m
[32m[Nest] 27280  - [39m11/06/2026, 9:58:32 pm [32m    LOG[39m [38;5;3m[Agent:instagram/dawane9965@hotkev.com] [39m[32mUsing pre-planned tasks: like_technology_post_1(30m), like_technology_post_2(1h)[39m
[32m[Nest] 27280  - [39m11/06/2026, 9:58:33 pm [32m    LOG[39m [38;5;3m[DeploymentService] [39m[32mStarted agent 5ff09d18-a5bf-41e9-96c1-f6694c2c11d2 for instagram/dawane9965@hotkev.com[39m
[32m[Nest] 27280  - [39m11/06/2026, 9:58:39 pm [32m    LOG[39m [38;5;3m[CredentialService] [39m[32mRestored session for threads/dawane9965@hotkev.com[39m
[95m[Nest] 27280  - [39m11/06/2026, 9:58:41 pm [95m  DEBUG[39m [38;5;3m[Agent:threads/dawane9965@hotkev.com] [39m[95mnormalizePlans task #1: action="search_and_like" resolved=search_and_like[39m
[95m[Nest] 27280  - [39m11/06/2026, 9:58:41 pm [95m  DEBUG[39m [38;5;3m[Agent:threads/dawane9965@hotkev.com] [39m[95mnormalizePlans task #1 pushed: name=like_technology_post_1[39m
[95m[Nest] 27280  - [39m11/06/2026, 9:58:41 pm [95m  DEBUG[39m [38;5;3m[Agent:threads/dawane9965@hotkev.com] [39m[95mnormalizePlans task #2: action="search_and_like" resolved=search_and_like[39m
[95m[Nest] 27280  - [39m11/06/2026, 9:58:41 pm [95m  DEBUG[39m [38;5;3m[Agent:threads/dawane9965@hotkev.com] [39m[95mnormalizePlans task #2 pushed: name=like_technology_post_2[39m
[95m[Nest] 27280  - [39m11/06/2026, 9:58:41 pm [95m  DEBUG[39m [38;5;3m[Agent:threads/dawane9965@hotkev.com] [39m[95mnormalizePlans after loop: 2 tasks, 0 warnings[39m
[95m[Nest] 27280  - [39m11/06/2026, 9:58:41 pm [95m  DEBUG[39m [38;5;3m[Agent:threads/dawane9965@hotkev.com] [39m[95mnormalizePlans before align: 2 tasks, requestedCount=null, stagger=false[39m
[95m[Nest] 27280  - [39m11/06/2026, 9:58:41 pm [95m  DEBUG[39m [38;5;3m[Agent:threads/dawane9965@hotkev.com] [39m[95mnormalizePlans result: 2 tasks after normalization, 0 warnings, 0 errors[39m
[32m[Nest] 27280  - [39m11/06/2026, 9:58:41 pm [32m    LOG[39m [38;5;3m[Agent:threads/dawane9965@hotkev.com] [39m[32mStarting for threads/dawane9965@hotkev.com[39m
[32m[Nest] 27280  - [39m11/06/2026, 9:58:41 pm [32m    LOG[39m [38;5;3m[Agent:threads/dawane9965@hotkev.com] [39m[32mUsing pre-planned tasks: like_technology_post_1(30m), like_technology_post_2(1h)[39m
[32m[Nest] 27280  - [39m11/06/2026, 9:58:41 pm [32m    LOG[39m [38;5;3m[DeploymentService] [39m[32mStarted agent 8622bce8-c864-4af0-955b-a63977a916ad for threads/dawane9965@hotkev.com[39m
[32m[Nest] 27280  - [39m11/06/2026, 10:02:21 pm [32m    LOG[39m [38;5;3m[CredentialService] [39m[32mLogging in to twitter as dawane9965@hotkev.com[39m
X login page loaded: https://x.com/i/jf/onboarding/web?mode=login
HTML snippet: <!DOCTYPE html><html dir="ltr" lang="en" style="overflow: hidden; overscroll-behavior-y: none; font-size: 15px; color-scheme: light; margin-right: 0px;"><head><style>input::placeholder { user-select: none; -webkit-user-select: none; } div div ::-webkit-input-placeholder { color: rgb(117, 117, 117) } iframe { color-scheme: auto; }button { text-align: inherit; font-size: inherit; font-family: inherit; color: inherit }</style><style>@font-face {
  font-family: Vazirmatn;
  src: url(https://abs.twim
X next button found: true
X next button clicked
X login button found: true
X login button clicked
X login timeout at https://x.com/i/jf/onboarding/web#/s/signup_phone/r-tz4sc, html=<!DOCTYPE html><html dir="ltr" lang="en" style="overflow: hidden; overscroll-behavior-y: none; font-size: 15px; color-scheme: light; margin-right: 0px;"><head><style>input::placeholder { user-select: none; -webkit-user-select: none; } div div ::-webkit-input-placeholder { color: rgb(117, 117, 117) } iframe { color-scheme: auto; }button { text-align: inherit; font-size: inherit; font-family: inherit; color: inherit }</style><style>@font-face {
  font-family: Vazirmatn;
  src: url(https://abs.twimg.com/responsive-web/client-web/Vazirmatn-Light.a929468a.woff2) format('woff2');
  font-weight: 300;
  font-style: 'normal';
  font-display: 'swap';
}
@font-face {
  font-family: Vazirmatn;
  src: url(https://abs.twimg.com/responsive-web/client-web/Vazirmatn-Regular.58c84f6a.woff2) format('woff2');
  font-weight: 400;
  font-style: 'normal';
  font-display: 'swap';
}
@font-face {
  font-family: Vazirmatn;
  src: url(https://abs.twimg.com/responsive-web/client-web/Vazirmatn-Medium.bc7d8f1a.woff2)
[32m[Nest] 27280  - [39m11/06/2026, 10:05:01 pm [32m    LOG[39m [38;5;3m[CredentialService] [39m[32mRestored session for reddit/kushg2850@gmail.com[39m
[32m[Nest] 27280  - [39m11/06/2026, 10:05:01 pm [32m    LOG[39m [38;5;3m[CredentialService] [39m[32mRestored session for instagram/dawane9965@hotkev.com[39m
[32m[Nest] 27280  - [39m11/06/2026, 10:05:01 pm [32m    LOG[39m [38;5;3m[CredentialService] [39m[32mRestored session for threads/dawane9965@hotkev.com[39m
[32m[Nest] 27280  - [39m11/06/2026, 10:05:03 pm [32m    LOG[39m [38;5;3m[CredentialService] [39m[32mLogging in to linkedin as kushg2850@gmail.com[39m
[32m[Nest] 27280  - [39m11/06/2026, 10:05:03 pm [32m    LOG[39m [38;5;3m[CredentialService] [39m[32mLogging in to facebook as dawane9965@hotkev.com[39m
[95m[Nest] 27280  - [39m11/06/2026, 10:05:03 pm [95m  DEBUG[39m [38;5;3m[Agent:threads/dawane9965@hotkev.com] [39m[95mnormalizePlans task #1: action="search_and_like" resolved=search_and_like[39m
[95m[Nest] 27280  - [39m11/06/2026, 10:05:03 pm [95m  DEBUG[39m [38;5;3m[Agent:threads/dawane9965@hotkev.com] [39m[95mnormalizePlans task #1 pushed: name=search_for_technology_posts[39m
[95m[Nest] 27280  - [39m11/06/2026, 10:05:03 pm [95m  DEBUG[39m [38;5;3m[Agent:threads/dawane9965@hotkev.com] [39m[95mnormalizePlans task #2: action="search_and_comment" resolved=search_and_comment[39m
[95m[Nest] 27280  - [39m11/06/2026, 10:05:03 pm [95m  DEBUG[39m [38;5;3m[Agent:threads/dawane9965@hotkev.com] [39m[95mnormalizePlans task #2 pushed: name=search_for_technology_posts_2[39m
[95m[Nest] 27280  - [39m11/06/2026, 10:05:03 pm [95m  DEBUG[39m [38;5;3m[Agent:threads/dawane9965@hotkev.com] [39m[95mnormalizePlans after loop: 2 tasks, 0 warnings[39m
[95m[Nest] 27280  - [39m11/06/2026, 10:05:03 pm [95m  DEBUG[39m [38;5;3m[Agent:threads/dawane9965@hotkev.com] [39m[95mnormalizePlans before align: 2 tasks, requestedCount=null, stagger=false[39m
[95m[Nest] 27280  - [39m11/06/2026, 10:05:03 pm [95m  DEBUG[39m [38;5;3m[Agent:threads/dawane9965@hotkev.com] [39m[95mnormalizePlans result: 2 tasks after normalization, 0 warnings, 0 errors[39m
[95m[Nest] 27280  - [39m11/06/2026, 10:05:03 pm [95m  DEBUG[39m [38;5;3m[Agent:instagram/dawane9965@hotkev.com] [39m[95mnormalizePlans task #1: action="search_and_like" resolved=search_and_like[39m
[95m[Nest] 27280  - [39m11/06/2026, 10:05:03 pm [95m  DEBUG[39m [38;5;3m[Agent:instagram/dawane9965@hotkev.com] [39m[95mnormalizePlans task #1 pushed: name=search_and_like_technology_posts[39m
[95m[Nest] 27280  - [39m11/06/2026, 10:05:03 pm [95m  DEBUG[39m [38;5;3m[Agent:instagram/dawane9965@hotkev.com] [39m[95mnormalizePlans task #2: action="search_and_comment" resolved=search_and_comment[39m
[95m[Nest] 27280  - [39m11/06/2026, 10:05:03 pm [95m  DEBUG[39m [38;5;3m[Agent:instagram/dawane9965@hotkev.com] [39m[95mnormalizePlans task #2 pushed: name=search_and_comment_on_technology_posts[39m
[95m[Nest] 27280  - [39m11/06/2026, 10:05:03 pm [95m  DEBUG[39m [38;5;3m[Agent:instagram/dawane9965@hotkev.com] [39m[95mnormalizePlans after loop: 2 tasks, 0 warnings[39m
[95m[Nest] 27280  - [39m11/06/2026, 10:05:03 pm [95m  DEBUG[39m [38;5;3m[Agent:instagram/dawane9965@hotkev.com] [39m[95mnormalizePlans before align: 2 tasks, requestedCount=null, stagger=false[39m
[95m[Nest] 27280  - [39m11/06/2026, 10:05:03 pm [95m  DEBUG[39m [38;5;3m[Agent:instagram/dawane9965@hotkev.com] [39m[95mnormalizePlans result: 2 tasks after normalization, 0 warnings, 0 errors[39m
[95m[Nest] 27280  - [39m11/06/2026, 10:05:03 pm [95m  DEBUG[39m [38;5;3m[Agent:reddit/kushg2850@gmail.com] [39m[95mnormalizePlans task #1: action="search_and_like" resolved=search_and_like[39m
[95m[Nest] 27280  - [39m11/06/2026, 10:05:03 pm [95m  DEBUG[39m [38;5;3m[Agent:reddit/kushg2850@gmail.com] [39m[95mnormalizePlans task #1 pushed: name=search_for_technology_posts_and_like[39m
[95m[Nest] 27280  - [39m11/06/2026, 10:05:03 pm [95m  DEBUG[39m [38;5;3m[Agent:reddit/kushg2850@gmail.com] [39m[95mnormalizePlans task #2: action="search_and_comment" resolved=search_and_comment[39m
[95m[Nest] 27280  - [39m11/06/2026, 10:05:03 pm [95m  DEBUG[39m [38;5;3m[Agent:reddit/kushg2850@gmail.com] [39m[95mnormalizePlans task #2 pushed: name=search_for_technology_posts_and_comment[39m
[95m[Nest] 27280  - [39m11/06/2026, 10:05:03 pm [95m  DEBUG[39m [38;5;3m[Agent:reddit/kushg2850@gmail.com] [39m[95mnormalizePlans after loop: 2 tasks, 0 warnings[39m
[95m[Nest] 27280  - [39m11/06/2026, 10:05:03 pm [95m  DEBUG[39m [38;5;3m[Agent:reddit/kushg2850@gmail.com] [39m[95mnormalizePlans before align: 2 tasks, requestedCount=null, stagger=false[39m
[95m[Nest] 27280  - [39m11/06/2026, 10:05:03 pm [95m  DEBUG[39m [38;5;3m[Agent:reddit/kushg2850@gmail.com] [39m[95mnormalizePlans result: 2 tasks after normalization, 0 warnings, 0 errors[39m
[32m[Nest] 27280  - [39m11/06/2026, 10:05:04 pm [32m    LOG[39m [38;5;3m[CredentialService] [39m[32mLogging in to bluesky as kushg2850@gmail.com[39m
[32m[Nest] 27280  - [39m11/06/2026, 10:05:05 pm [32m    LOG[39m [38;5;3m[CredentialService] [39m[32mLogging in to discord as kushg2850@gmail.com[39m
[32m[Nest] 27280  - [39m11/06/2026, 10:05:06 pm [32m    LOG[39m [38;5;3m[CredentialService] [39m[32mLogging in to tiktok as dawane9965@hotkev.com[39m
[32m[Nest] 27280  - [39m11/06/2026, 10:05:07 pm [32m    LOG[39m [38;5;3m[CredentialService] [39m[32mLogging in to pinterest as dawane9965@hotkev.com[39m
[32m[Nest] 27280  - [39m11/06/2026, 10:05:08 pm [32m    LOG[39m [38;5;3m[CredentialService] [39m[32mLogging in to medium as dawane9965@hotkev.com[39m
[32m[Nest] 27280  - [39m11/06/2026, 10:05:10 pm [32m    LOG[39m [38;5;3m[CredentialService] [39m[32mLogging in to hashnode as dawane9965@hotkev.com[39m
[32m[Nest] 27280  - [39m11/06/2026, 10:05:11 pm [32m    LOG[39m [38;5;3m[CredentialService] [39m[32mLogging in to linkedin-page as dawane9965@hotkev.com[39m
[32m[Nest] 27280  - [39m11/06/2026, 10:06:21 pm [32m    LOG[39m [38;5;3m[CredentialService] [39m[32mRestored session for instagram/dawane9965@hotkev.com[39m
[32m[Nest] 27280  - [39m11/06/2026, 10:06:21 pm [32m    LOG[39m [38;5;3m[CredentialService] [39m[32mRestored session for threads/dawane9965@hotkev.com[39m
[95m[Nest] 27280  - [39m11/06/2026, 10:06:27 pm [95m  DEBUG[39m [38;5;3m[Agent:instagram/dawane9965@hotkev.com] [39m[95mnormalizePlans task #1: action="search_and_like" resolved=search_and_like[39m
[95m[Nest] 27280  - [39m11/06/2026, 10:06:27 pm [95m  DEBUG[39m [38;5;3m[Agent:instagram/dawane9965@hotkev.com] [39m[95mnormalizePlans task #1 pushed: name=search_and_like_technology_posts[39m
[95m[Nest] 27280  - [39m11/06/2026, 10:06:27 pm [95m  DEBUG[39m [38;5;3m[Agent:instagram/dawane9965@hotkev.com] [39m[95mnormalizePlans task #2: action="search_and_like" resolved=search_and_like[39m
[95m[Nest] 27280  - [39m11/06/2026, 10:06:27 pm [95m  DEBUG[39m [38;5;3m[Agent:instagram/dawane9965@hotkev.com] [39m[95mnormalizePlans task #2 pushed: name=search_and_like_technology_posts_2[39m
[95m[Nest] 27280  - [39m11/06/2026, 10:06:27 pm [95m  DEBUG[39m [38;5;3m[Agent:instagram/dawane9965@hotkev.com] [39m[95mnormalizePlans task #3: action="search_and_comment" resolved=search_and_comment[39m
[95m[Nest] 27280  - [39m11/06/2026, 10:06:27 pm [95m  DEBUG[39m [38;5;3m[Agent:instagram/dawane9965@hotkev.com] [39m[95mnormalizePlans task #3 pushed: name=search_and_comment_on_technology_post[39m
[95m[Nest] 27280  - [39m11/06/2026, 10:06:27 pm [95m  DEBUG[39m [38;5;3m[Agent:instagram/dawane9965@hotkev.com] [39m[95mnormalizePlans after loop: 3 tasks, 0 warnings[39m
[95m[Nest] 27280  - [39m11/06/2026, 10:06:27 pm [95m  DEBUG[39m [38;5;3m[Agent:instagram/dawane9965@hotkev.com] [39m[95mnormalizePlans before align: 3 tasks, requestedCount=null, stagger=false[39m
[95m[Nest] 27280  - [39m11/06/2026, 10:06:27 pm [95m  DEBUG[39m [38;5;3m[Agent:instagram/dawane9965@hotkev.com] [39m[95mnormalizePlans result: 3 tasks after normalization, 0 warnings, 0 errors[39m
[95m[Nest] 27280  - [39m11/06/2026, 10:06:27 pm [95m  DEBUG[39m [38;5;3m[Agent:threads/dawane9965@hotkev.com] [39m[95mnormalizePlans task #1: action="search_and_like" resolved=search_and_like[39m
[95m[Nest] 27280  - [39m11/06/2026, 10:06:27 pm [95m  DEBUG[39m [38;5;3m[Agent:threads/dawane9965@hotkev.com] [39m[95mnormalizePlans task #1 pushed: name=search_and_like_technology_post_1[39m
[95m[Nest] 27280  - [39m11/06/2026, 10:06:27 pm [95m  DEBUG[39m [38;5;3m[Agent:threads/dawane9965@hotkev.com] [39m[95mnormalizePlans task #2: action="search_and_like" resolved=search_and_like[39m
[95m[Nest] 27280  - [39m11/06/2026, 10:06:27 pm [95m  DEBUG[39m [38;5;3m[Agent:threads/dawane9965@hotkev.com] [39m[95mnormalizePlans task #2 pushed: name=search_and_like_technology_post_2[39m
[95m[Nest] 27280  - [39m11/06/2026, 10:06:27 pm [95m  DEBUG[39m [38;5;3m[Agent:threads/dawane9965@hotkev.com] [39m[95mnormalizePlans task #3: action="search_and_comment" resolved=search_and_comment[39m
[95m[Nest] 27280  - [39m11/06/2026, 10:06:27 pm [95m  DEBUG[39m [38;5;3m[Agent:threads/dawane9965@hotkev.com] [39m[95mnormalizePlans task #3 pushed: name=search_and_comment_on_technology_post[39m
[95m[Nest] 27280  - [39m11/06/2026, 10:06:27 pm [95m  DEBUG[39m [38;5;3m[Agent:threads/dawane9965@hotkev.com] [39m[95mnormalizePlans task #4: action="post" resolved=post[39m
[95m[Nest] 27280  - [39m11/06/2026, 10:06:27 pm [95m  DEBUG[39m [38;5;3m[Agent:threads/dawane9965@hotkev.com] [39m[95mnormalizePlans task #4 pushed: name=post_hello_world[39m
[95m[Nest] 27280  - [39m11/06/2026, 10:06:27 pm [95m  DEBUG[39m [38;5;3m[Agent:threads/dawane9965@hotkev.com] [39m[95mnormalizePlans after loop: 4 tasks, 0 warnings[39m
[95m[Nest] 27280  - [39m11/06/2026, 10:06:27 pm [95m  DEBUG[39m [38;5;3m[Agent:threads/dawane9965@hotkev.com] [39m[95mnormalizePlans before align: 4 tasks, requestedCount=null, stagger=false[39m
[95m[Nest] 27280  - [39m11/06/2026, 10:06:27 pm [95m  DEBUG[39m [38;5;3m[Agent:threads/dawane9965@hotkev.com] [39m[95mnormalizePlans result: 4 tasks after normalization, 0 warnings, 0 errors[39m
[32m[Nest] 27280  - [39m11/06/2026, 10:06:28 pm [32m    LOG[39m [38;5;3m[Agent:instagram/dawane9965@hotkev.com] [39m[32mStarting for instagram/dawane9965@hotkev.com[39m
[32m[Nest] 27280  - [39m11/06/2026, 10:06:28 pm [32m    LOG[39m [38;5;3m[Agent:instagram/dawane9965@hotkev.com] [39m[32mUsing pre-planned tasks: search_and_like_technology_posts(30m), search_and_like_technology_posts_2(30m), search_and_comment_on_technology_post(30m)[39m
[32m[Nest] 27280  - [39m11/06/2026, 10:06:28 pm [32m    LOG[39m [38;5;3m[DeploymentService] [39m[32mStarted agent 3bb54507-ae0c-4c07-9638-0092c5be2e6b for instagram/dawane9965@hotkev.com[39m
[32m[Nest] 27280  - [39m11/06/2026, 10:06:28 pm [32m    LOG[39m [38;5;3m[Agent:threads/dawane9965@hotkev.com] [39m[32mStarting for threads/dawane9965@hotkev.com[39m
[32m[Nest] 27280  - [39m11/06/2026, 10:06:28 pm [32m    LOG[39m [38;5;3m[Agent:threads/dawane9965@hotkev.com] [39m[32mUsing pre-planned tasks: search_and_like_technology_post_1(30m), search_and_like_technology_post_2(30m), search_and_comment_on_technology_post(30m), post_hello_world(30m)[39m
[32m[Nest] 27280  - [39m11/06/2026, 10:06:28 pm [32m    LOG[39m [38;5;3m[DeploymentService] [39m[32mStarted agent f42869a5-c5c6-45ec-b2ec-06a02c350221 for threads/dawane9965@hotkev.com[39m
[32m[Nest] 27280  - [39m11/06/2026, 10:07:20 pm [32m    LOG[39m [38;5;3m[CredentialService] [39m[32mRestored session for reddit/kushg2850@gmail.com[39m
[95m[Nest] 27280  - [39m11/06/2026, 10:07:24 pm [95m  DEBUG[39m [38;5;3m[Agent:reddit/kushg2850@gmail.com] [39m[95mnormalizePlans task #1: action="search_and_like" resolved=search_and_like[39m
[95m[Nest] 27280  - [39m11/06/2026, 10:07:24 pm [95m  DEBUG[39m [38;5;3m[Agent:reddit/kushg2850@gmail.com] [39m[95mnormalizePlans task #1 pushed: name=like_technology_post_1[39m
[95m[Nest] 27280  - [39m11/06/2026, 10:07:24 pm [95m  DEBUG[39m [38;5;3m[Agent:reddit/kushg2850@gmail.com] [39m[95mnormalizePlans task #2: action="search_and_like" resolved=search_and_like[39m
[95m[Nest] 27280  - [39m11/06/2026, 10:07:24 pm [95m  DEBUG[39m [38;5;3m[Agent:reddit/kushg2850@gmail.com] [39m[95mnormalizePlans task #2 pushed: name=like_technology_post_2[39m
[95m[Nest] 27280  - [39m11/06/2026, 10:07:24 pm [95m  DEBUG[39m [38;5;3m[Agent:reddit/kushg2850@gmail.com] [39m[95mnormalizePlans task #3: action="search_and_like" resolved=search_and_like[39m
[95m[Nest] 27280  - [39m11/06/2026, 10:07:24 pm [95m  DEBUG[39m [38;5;3m[Agent:reddit/kushg2850@gmail.com] [39m[95mnormalizePlans task #3 pushed: name=like_technology_post_3[39m
[95m[Nest] 27280  - [39m11/06/2026, 10:07:24 pm [95m  DEBUG[39m [38;5;3m[Agent:reddit/kushg2850@gmail.com] [39m[95mnormalizePlans after loop: 3 tasks, 0 warnings[39m
[95m[Nest] 27280  - [39m11/06/2026, 10:07:24 pm [95m  DEBUG[39m [38;5;3m[Agent:reddit/kushg2850@gmail.com] [39m[95mnormalizePlans before align: 3 tasks, requestedCount=null, stagger=true[39m
[95m[Nest] 27280  - [39m11/06/2026, 10:07:24 pm [95m  DEBUG[39m [38;5;3m[Agent:reddit/kushg2850@gmail.com] [39m[95mnormalizePlans result: 3 tasks after normalization, 0 warnings, 0 errors[39m
[32m[Nest] 27280  - [39m11/06/2026, 10:07:28 pm [32m    LOG[39m [38;5;3m[CredentialService] [39m[32mRestored session for instagram/dawane9965@hotkev.com[39m
[32m[Nest] 27280  - [39m11/06/2026, 10:07:29 pm [32m    LOG[39m [38;5;3m[CredentialService] [39m[32mRestored session for threads/dawane9965@hotkev.com[39m
[95m[Nest] 27280  - [39m11/06/2026, 10:07:31 pm [95m  DEBUG[39m [38;5;3m[Agent:instagram/dawane9965@hotkev.com] [39m[95mnormalizePlans task #1: action="search_and_like" resolved=search_and_like[39m
[95m[Nest] 27280  - [39m11/06/2026, 10:07:31 pm [95m  DEBUG[39m [38;5;3m[Agent:instagram/dawane9965@hotkev.com] [39m[95mnormalizePlans task #1 pushed: name=like_technology_post_1[39m
[95m[Nest] 27280  - [39m11/06/2026, 10:07:31 pm [95m  DEBUG[39m [38;5;3m[Agent:instagram/dawane9965@hotkev.com] [39m[95mnormalizePlans task #2: action="search_and_like" resolved=search_and_like[39m
[95m[Nest] 27280  - [39m11/06/2026, 10:07:31 pm [95m  DEBUG[39m [38;5;3m[Agent:instagram/dawane9965@hotkev.com] [39m[95mnormalizePlans task #2 pushed: name=like_technology_post_2[39m
[95m[Nest] 27280  - [39m11/06/2026, 10:07:31 pm [95m  DEBUG[39m [38;5;3m[Agent:instagram/dawane9965@hotkev.com] [39m[95mnormalizePlans task #3: action="search_and_like" resolved=search_and_like[39m
[95m[Nest] 27280  - [39m11/06/2026, 10:07:31 pm [95m  DEBUG[39m [38;5;3m[Agent:instagram/dawane9965@hotkev.com] [39m[95mnormalizePlans task #3 pushed: name=like_technology_post_3[39m
[95m[Nest] 27280  - [39m11/06/2026, 10:07:31 pm [95m  DEBUG[39m [38;5;3m[Agent:instagram/dawane9965@hotkev.com] [39m[95mnormalizePlans after loop: 3 tasks, 0 warnings[39m
[95m[Nest] 27280  - [39m11/06/2026, 10:07:31 pm [95m  DEBUG[39m [38;5;3m[Agent:instagram/dawane9965@hotkev.com] [39m[95mnormalizePlans before align: 3 tasks, requestedCount=null, stagger=true[39m
[95m[Nest] 27280  - [39m11/06/2026, 10:07:31 pm [95m  DEBUG[39m [38;5;3m[Agent:instagram/dawane9965@hotkev.com] [39m[95mnormalizePlans result: 3 tasks after normalization, 0 warnings, 0 errors[39m
[95m[Nest] 27280  - [39m11/06/2026, 10:07:31 pm [95m  DEBUG[39m [38;5;3m[Agent:threads/dawane9965@hotkev.com] [39m[95mnormalizePlans task #1: action="search_and_like" resolved=search_and_like[39m
[95m[Nest] 27280  - [39m11/06/2026, 10:07:31 pm [95m  DEBUG[39m [38;5;3m[Agent:threads/dawane9965@hotkev.com] [39m[95mnormalizePlans task #1 pushed: name=like_technology_post_1[39m
[95m[Nest] 27280  - [39m11/06/2026, 10:07:31 pm [95m  DEBUG[39m [38;5;3m[Agent:threads/dawane9965@hotkev.com] [39m[95mnormalizePlans task #2: action="search_and_like" resolved=search_and_like[39m
[95m[Nest] 27280  - [39m11/06/2026, 10:07:31 pm [95m  DEBUG[39m [38;5;3m[Agent:threads/dawane9965@hotkev.com] [39m[95mnormalizePlans task #2 pushed: name=like_technology_post_2[39m
[95m[Nest] 27280  - [39m11/06/2026, 10:07:31 pm [95m  DEBUG[39m [38;5;3m[Agent:threads/dawane9965@hotkev.com] [39m[95mnormalizePlans task #3: action="search_and_like" resolved=search_and_like[39m
[95m[Nest] 27280  - [39m11/06/2026, 10:07:31 pm [95m  DEBUG[39m [38;5;3m[Agent:threads/dawane9965@hotkev.com] [39m[95mnormalizePlans task #3 pushed: name=like_technology_post_3[39m
[95m[Nest] 27280  - [39m11/06/2026, 10:07:31 pm [95m  DEBUG[39m [38;5;3m[Agent:threads/dawane9965@hotkev.com] [39m[95mnormalizePlans after loop: 3 tasks, 0 warnings[39m
[95m[Nest] 27280  - [39m11/06/2026, 10:07:31 pm [95m  DEBUG[39m [38;5;3m[Agent:threads/dawane9965@hotkev.com] [39m[95mnormalizePlans before align: 3 tasks, requestedCount=null, stagger=true[39m
[95m[Nest] 27280  - [39m11/06/2026, 10:07:31 pm [95m  DEBUG[39m [38;5;3m[Agent:threads/dawane9965@hotkev.com] [39m[95mnormalizePlans result: 3 tasks after normalization, 0 warnings, 0 errors[39m
[32m[Nest] 27280  - [39m11/06/2026, 10:07:50 pm [32m    LOG[39m [38;5;3m[CredentialService] [39m[32mRestored session for reddit/kushg2850@gmail.com[39m
[95m[Nest] 27280  - [39m11/06/2026, 10:07:53 pm [95m  DEBUG[39m [38;5;3m[Agent:reddit/kushg2850@gmail.com] [39m[95mnormalizePlans task #1: action="search_and_like" resolved=search_and_like[39m
[95m[Nest] 27280  - [39m11/06/2026, 10:07:53 pm [95m  DEBUG[39m [38;5;3m[Agent:reddit/kushg2850@gmail.com] [39m[95mnormalizePlans task #1 pushed: name=like_technology_post_1[39m
[95m[Nest] 27280  - [39m11/06/2026, 10:07:53 pm [95m  DEBUG[39m [38;5;3m[Agent:reddit/kushg2850@gmail.com] [39m[95mnormalizePlans task #2: action="search_and_like" resolved=search_and_like[39m
[95m[Nest] 27280  - [39m11/06/2026, 10:07:53 pm [95m  DEBUG[39m [38;5;3m[Agent:reddit/kushg2850@gmail.com] [39m[95mnormalizePlans task #2 pushed: name=like_technology_post_2[39m
[95m[Nest] 27280  - [39m11/06/2026, 10:07:53 pm [95m  DEBUG[39m [38;5;3m[Agent:reddit/kushg2850@gmail.com] [39m[95mnormalizePlans task #3: action="search_and_like" resolved=search_and_like[39m
[95m[Nest] 27280  - [39m11/06/2026, 10:07:53 pm [95m  DEBUG[39m [38;5;3m[Agent:reddit/kushg2850@gmail.com] [39m[95mnormalizePlans task #3 pushed: name=like_technology_post_3[39m
[95m[Nest] 27280  - [39m11/06/2026, 10:07:53 pm [95m  DEBUG[39m [38;5;3m[Agent:reddit/kushg2850@gmail.com] [39m[95mnormalizePlans after loop: 3 tasks, 0 warnings[39m
[95m[Nest] 27280  - [39m11/06/2026, 10:07:53 pm [95m  DEBUG[39m [38;5;3m[Agent:reddit/kushg2850@gmail.com] [39m[95mnormalizePlans before align: 3 tasks, requestedCount=null, stagger=false[39m
[95m[Nest] 27280  - [39m11/06/2026, 10:07:53 pm [95m  DEBUG[39m [38;5;3m[Agent:reddit/kushg2850@gmail.com] [39m[95mnormalizePlans result: 3 tasks after normalization, 0 warnings, 0 errors[39m
[32m[Nest] 27280  - [39m11/06/2026, 10:07:53 pm [32m    LOG[39m [38;5;3m[CredentialService] [39m[32mRestored session for instagram/dawane9965@hotkev.com[39m
[95m[Nest] 27280  - [39m11/06/2026, 10:07:55 pm [95m  DEBUG[39m [38;5;3m[Agent:instagram/dawane9965@hotkev.com] [39m[95mnormalizePlans task #1: action="search_and_like" resolved=search_and_like[39m
[95m[Nest] 27280  - [39m11/06/2026, 10:07:55 pm [95m  DEBUG[39m [38;5;3m[Agent:instagram/dawane9965@hotkev.com] [39m[95mnormalizePlans task #1 pushed: name=like_technology_posts[39m
[95m[Nest] 27280  - [39m11/06/2026, 10:07:55 pm [95m  DEBUG[39m [38;5;3m[Agent:instagram/dawane9965@hotkev.com] [39m[95mnormalizePlans after loop: 1 tasks, 0 warnings[39m
[95m[Nest] 27280  - [39m11/06/2026, 10:07:55 pm [95m  DEBUG[39m [38;5;3m[Agent:instagram/dawane9965@hotkev.com] [39m[95mnormalizePlans before align: 1 tasks, requestedCount=null, stagger=false[39m
[95m[Nest] 27280  - [39m11/06/2026, 10:07:55 pm [95m  DEBUG[39m [38;5;3m[Agent:instagram/dawane9965@hotkev.com] [39m[95mnormalizePlans result: 1 tasks after normalization, 0 warnings, 0 errors[39m
[32m[Nest] 27280  - [39m11/06/2026, 10:07:55 pm [32m    LOG[39m [38;5;3m[CredentialService] [39m[32mRestored session for threads/dawane9965@hotkev.com[39m
[95m[Nest] 27280  - [39m11/06/2026, 10:07:59 pm [95m  DEBUG[39m [38;5;3m[Agent:threads/dawane9965@hotkev.com] [39m[95mnormalizePlans task #1: action="search_and_like" resolved=search_and_like[39m
[95m[Nest] 27280  - [39m11/06/2026, 10:07:59 pm [95m  DEBUG[39m [38;5;3m[Agent:threads/dawane9965@hotkev.com] [39m[95mnormalizePlans task #1 pushed: name=like_technology_post_1[39m
[95m[Nest] 27280  - [39m11/06/2026, 10:07:59 pm [95m  DEBUG[39m [38;5;3m[Agent:threads/dawane9965@hotkev.com] [39m[95mnormalizePlans task #2: action="search_and_like" resolved=search_and_like[39m
[95m[Nest] 27280  - [39m11/06/2026, 10:07:59 pm [95m  DEBUG[39m [38;5;3m[Agent:threads/dawane9965@hotkev.com] [39m[95mnormalizePlans task #2 pushed: name=like_technology_post_2[39m
[95m[Nest] 27280  - [39m11/06/2026, 10:07:59 pm [95m  DEBUG[39m [38;5;3m[Agent:threads/dawane9965@hotkev.com] [39m[95mnormalizePlans task #3: action="search_and_like" resolved=search_and_like[39m
[95m[Nest] 27280  - [39m11/06/2026, 10:07:59 pm [95m  DEBUG[39m [38;5;3m[Agent:threads/dawane9965@hotkev.com] [39m[95mnormalizePlans task #3 pushed: name=like_technology_post_3[39m
[95m[Nest] 27280  - [39m11/06/2026, 10:07:59 pm [95m  DEBUG[39m [38;5;3m[Agent:threads/dawane9965@hotkev.com] [39m[95mnormalizePlans after loop: 3 tasks, 0 warnings[39m
[95m[Nest] 27280  - [39m11/06/2026, 10:07:59 pm [95m  DEBUG[39m [38;5;3m[Agent:threads/dawane9965@hotkev.com] [39m[95mnormalizePlans before align: 3 tasks, requestedCount=null, stagger=false[39m
[95m[Nest] 27280  - [39m11/06/2026, 10:07:59 pm [95m  DEBUG[39m [38;5;3m[Agent:threads/dawane9965@hotkev.com] [39m[95mnormalizePlans result: 3 tasks after normalization, 0 warnings, 0 errors[39m
[32m[Nest] 27280  - [39m11/06/2026, 10:08:04 pm [32m    LOG[39m [38;5;3m[CredentialService] [39m[32mRestored session for reddit/kushg2850@gmail.com[39m
[95m[Nest] 27280  - [39m11/06/2026, 10:08:10 pm [95m  DEBUG[39m [38;5;3m[Agent:reddit/kushg2850@gmail.com] [39m[95mnormalizePlans task #1: action="search_and_like" resolved=search_and_like[39m
[95m[Nest] 27280  - [39m11/06/2026, 10:08:10 pm [95m  DEBUG[39m [38;5;3m[Agent:reddit/kushg2850@gmail.com] [39m[95mnormalizePlans task #1 pushed: name=search_and_like_technology_posts[39m
[95m[Nest] 27280  - [39m11/06/2026, 10:08:10 pm [95m  DEBUG[39m [38;5;3m[Agent:reddit/kushg2850@gmail.com] [39m[95mnormalizePlans task #2: action="search_and_like" resolved=search_and_like[39m
[95m[Nest] 27280  - [39m11/06/2026, 10:08:10 pm [95m  DEBUG[39m [38;5;3m[Agent:reddit/kushg2850@gmail.com] [39m[95mnormalizePlans task #2 pushed: name=search_and_like_technology_posts_2[39m
[95m[Nest] 27280  - [39m11/06/2026, 10:08:10 pm [95m  DEBUG[39m [38;5;3m[Agent:reddit/kushg2850@gmail.com] [39m[95mnormalizePlans task #3: action="search_and_like" resolved=search_and_like[39m
[95m[Nest] 27280  - [39m11/06/2026, 10:08:10 pm [95m  DEBUG[39m [38;5;3m[Agent:reddit/kushg2850@gmail.com] [39m[95mnormalizePlans task #3 pushed: name=search_and_like_technology_posts_3[39m
[95m[Nest] 27280  - [39m11/06/2026, 10:08:10 pm [95m  DEBUG[39m [38;5;3m[Agent:reddit/kushg2850@gmail.com] [39m[95mnormalizePlans task #4: action="search_and_comment" resolved=search_and_comment[39m
[95m[Nest] 27280  - [39m11/06/2026, 10:08:10 pm [95m  DEBUG[39m [38;5;3m[Agent:reddit/kushg2850@gmail.com] [39m[95mnormalizePlans task #4 pushed: name=search_and_comment_on_technology_posts[39m
[95m[Nest] 27280  - [39m11/06/2026, 10:08:10 pm [95m  DEBUG[39m [38;5;3m[Agent:reddit/kushg2850@gmail.com] [39m[95mnormalizePlans task #5: action="search_and_comment" resolved=search_and_comment[39m
[95m[Nest] 27280  - [39m11/06/2026, 10:08:10 pm [95m  DEBUG[39m [38;5;3m[Agent:reddit/kushg2850@gmail.com] [39m[95mnormalizePlans task #5 pushed: name=search_and_comment_on_technology_posts_2[39m
[95m[Nest] 27280  - [39m11/06/2026, 10:08:10 pm [95m  DEBUG[39m [38;5;3m[Agent:reddit/kushg2850@gmail.com] [39m[95mnormalizePlans after loop: 5 tasks, 0 warnings[39m
[95m[Nest] 27280  - [39m11/06/2026, 10:08:10 pm [95m  DEBUG[39m [38;5;3m[Agent:reddit/kushg2850@gmail.com] [39m[95mnormalizePlans before align: 5 tasks, requestedCount=null, stagger=false[39m
[95m[Nest] 27280  - [39m11/06/2026, 10:08:10 pm [95m  DEBUG[39m [38;5;3m[Agent:reddit/kushg2850@gmail.com] [39m[95mnormalizePlans result: 5 tasks after normalization, 0 warnings, 0 errors[39m
[32m[Nest] 27280  - [39m11/06/2026, 10:08:10 pm [32m    LOG[39m [38;5;3m[Agent:reddit/kushg2850@gmail.com] [39m[32mStarting for reddit/kushg2850@gmail.com[39m
[32m[Nest] 27280  - [39m11/06/2026, 10:08:10 pm [32m    LOG[39m [38;5;3m[Agent:reddit/kushg2850@gmail.com] [39m[32mUsing pre-planned tasks: search_and_like_technology_posts(30m), search_and_like_technology_posts_2(30m), search_and_like_technology_posts_3(30m), search_and_comment_on_technology_posts(30m), search_and_comment_on_technology_posts_2(30m)[39m
[32m[Nest] 27280  - [39m11/06/2026, 10:08:10 pm [32m    LOG[39m [38;5;3m[DeploymentService] [39m[32mStarted agent 26666fa9-dd26-42ba-8852-c1bb3bdbcc65 for reddit/kushg2850@gmail.com[39m
[32m[Nest] 27280  - [39m11/06/2026, 10:08:10 pm [32m    LOG[39m [38;5;3m[CredentialService] [39m[32mRestored session for instagram/dawane9965@hotkev.com[39m
[95m[Nest] 27280  - [39m11/06/2026, 10:08:15 pm [95m  DEBUG[39m [38;5;3m[Agent:instagram/dawane9965@hotkev.com] [39m[95mnormalizePlans task #1: action="search_and_like" resolved=search_and_like[39m
[95m[Nest] 27280  - [39m11/06/2026, 10:08:15 pm [95m  DEBUG[39m [38;5;3m[Agent:instagram/dawane9965@hotkev.com] [39m[95mnormalizePlans task #1 pushed: name=search_and_like_technology_posts[39m
[95m[Nest] 27280  - [39m11/06/2026, 10:08:15 pm [95m  DEBUG[39m [38;5;3m[Agent:instagram/dawane9965@hotkev.com] [39m[95mnormalizePlans task #2: action="search_and_comment" resolved=search_and_comment[39m
[95m[Nest] 27280  - [39m11/06/2026, 10:08:15 pm [95m  DEBUG[39m [38;5;3m[Agent:instagram/dawane9965@hotkev.com] [39m[95mnormalizePlans task #2 pushed: name=search_and_comment_on_technology_posts[39m
[95m[Nest] 27280  - [39m11/06/2026, 10:08:15 pm [95m  DEBUG[39m [38;5;3m[Agent:instagram/dawane9965@hotkev.com] [39m[95mnormalizePlans after loop: 2 tasks, 0 warnings[39m
[95m[Nest] 27280  - [39m11/06/2026, 10:08:15 pm [95m  DEBUG[39m [38;5;3m[Agent:instagram/dawane9965@hotkev.com] [39m[95mnormalizePlans before align: 2 tasks, requestedCount=null, stagger=false[39m
[95m[Nest] 27280  - [39m11/06/2026, 10:08:15 pm [95m  DEBUG[39m [38;5;3m[Agent:instagram/dawane9965@hotkev.com] [39m[95mnormalizePlans result: 2 tasks after normalization, 0 warnings, 0 errors[39m
[32m[Nest] 27280  - [39m11/06/2026, 10:08:15 pm [32m    LOG[39m [38;5;3m[Agent:instagram/dawane9965@hotkev.com] [39m[32mStarting for instagram/dawane9965@hotkev.com[39m
[32m[Nest] 27280  - [39m11/06/2026, 10:08:15 pm [32m    LOG[39m [38;5;3m[Agent:instagram/dawane9965@hotkev.com] [39m[32mUsing pre-planned tasks: search_and_like_technology_posts(30m), search_and_comment_on_technology_posts(30m)[39m
[32m[Nest] 27280  - [39m11/06/2026, 10:08:15 pm [32m    LOG[39m [38;5;3m[DeploymentService] [39m[32mStarted agent b2e37832-f169-448d-ab42-88e44a4638eb for instagram/dawane9965@hotkev.com[39m
[32m[Nest] 27280  - [39m11/06/2026, 10:08:15 pm [32m    LOG[39m [38;5;3m[CredentialService] [39m[32mRestored session for threads/dawane9965@hotkev.com[39m
[95m[Nest] 27280  - [39m11/06/2026, 10:08:20 pm [95m  DEBUG[39m [38;5;3m[Agent:threads/dawane9965@hotkev.com] [39m[95mnormalizePlans task #1: action="search_and_like" resolved=search_and_like[39m
[95m[Nest] 27280  - [39m11/06/2026, 10:08:20 pm [95m  DEBUG[39m [38;5;3m[Agent:threads/dawane9965@hotkev.com] [39m[95mnormalizePlans task #1 pushed: name=search_and_like_technology_posts_task_1[39m
[95m[Nest] 27280  - [39m11/06/2026, 10:08:20 pm [95m  DEBUG[39m [38;5;3m[Agent:threads/dawane9965@hotkev.com] [39m[95mnormalizePlans task #2: action="search_and_like" resolved=search_and_like[39m
[95m[Nest] 27280  - [39m11/06/2026, 10:08:20 pm [95m  DEBUG[39m [38;5;3m[Agent:threads/dawane9965@hotkev.com] [39m[95mnormalizePlans task #2 pushed: name=search_and_like_technology_posts_task_2[39m
[95m[Nest] 27280  - [39m11/06/2026, 10:08:20 pm [95m  DEBUG[39m [38;5;3m[Agent:threads/dawane9965@hotkev.com] [39m[95mnormalizePlans task #3: action="search_and_like" resolved=search_and_like[39m
[95m[Nest] 27280  - [39m11/06/2026, 10:08:20 pm [95m  DEBUG[39m [38;5;3m[Agent:threads/dawane9965@hotkev.com] [39m[95mnormalizePlans task #3 pushed: name=search_and_like_technology_posts_task_3[39m
[95m[Nest] 27280  - [39m11/06/2026, 10:08:20 pm [95m  DEBUG[39m [38;5;3m[Agent:threads/dawane9965@hotkev.com] [39m[95mnormalizePlans task #4: action="search_and_comment" resolved=search_and_comment[39m
[95m[Nest] 27280  - [39m11/06/2026, 10:08:20 pm [95m  DEBUG[39m [38;5;3m[Agent:threads/dawane9965@hotkev.com] [39m[95mnormalizePlans task #4 pushed: name=search_and_comment_on_technology_posts_task_1[39m
[95m[Nest] 27280  - [39m11/06/2026, 10:08:20 pm [95m  DEBUG[39m [38;5;3m[Agent:threads/dawane9965@hotkev.com] [39m[95mnormalizePlans task #5: action="search_and_comment" resolved=search_and_comment[39m
[95m[Nest] 27280  - [39m11/06/2026, 10:08:21 pm [95m  DEBUG[39m [38;5;3m[Agent:threads/dawane9965@hotkev.com] [39m[95mnormalizePlans task #5 pushed: name=search_and_comment_on_technology_posts_task_2[39m
[95m[Nest] 27280  - [39m11/06/2026, 10:08:21 pm [95m  DEBUG[39m [38;5;3m[Agent:threads/dawane9965@hotkev.com] [39m[95mnormalizePlans after loop: 5 tasks, 0 warnings[39m
[95m[Nest] 27280  - [39m11/06/2026, 10:08:21 pm [95m  DEBUG[39m [38;5;3m[Agent:threads/dawane9965@hotkev.com] [39m[95mnormalizePlans before align: 5 tasks, requestedCount=null, stagger=false[39m
[95m[Nest] 27280  - [39m11/06/2026, 10:08:21 pm [95m  DEBUG[39m [38;5;3m[Agent:threads/dawane9965@hotkev.com] [39m[95mnormalizePlans result: 5 tasks after normalization, 0 warnings, 0 errors[39m
[32m[Nest] 27280  - [39m11/06/2026, 10:08:21 pm [32m    LOG[39m [38;5;3m[Agent:threads/dawane9965@hotkev.com] [39m[32mStarting for threads/dawane9965@hotkev.com[39m
[32m[Nest] 27280  - [39m11/06/2026, 10:08:21 pm [32m    LOG[39m [38;5;3m[Agent:threads/dawane9965@hotkev.com] [39m[32mUsing pre-planned tasks: search_and_like_technology_posts_task_1(30m), search_and_like_technology_posts_task_2(30m), search_and_like_technology_posts_task_3(30m), search_and_comment_on_technology_posts_task_1(30m), search_and_comment_on_technology_posts_task_2(30m)[39m
[32m[Nest] 27280  - [39m11/06/2026, 10:08:21 pm [32m    LOG[39m [38;5;3m[DeploymentService] [39m[32mStarted agent 8550b1f6-e793-4b8c-9043-592c6f6afe5c for threads/dawane9965@hotkev.com[39m
